******************************************************************************
                  MSP430 Linker PC v3.3.1                      
******************************************************************************
>> Linked Wed Sep 27 08:50:42 2017

OUTPUT FILE NAME:   <Transceiver.out>
ENTRY POINT SYMBOL: "_c_int00"  address: 00009140


MEMORY CONFIGURATION

         name            origin    length      used     unused   attr    fill
----------------------  --------  ---------  --------  --------  ----  --------
  SFR                   00000000   00000010  00000000  00000010  RWIX
  PERIPHERALS_8BIT      00000010   000000f0  00000000  000000f0  RWIX
  PERIPHERALS_16BIT     00000100   00000100  00000000  00000100  RWIX
  RAM                   00000200   00000400  00000201  000001ff  RWIX
  INFOD                 00001000   00000040  00000000  00000040  RWIX
  INFOC                 00001040   00000040  00000000  00000040  RWIX
  INFOB                 00001080   00000040  00000000  00000040  RWIX
  INFOA                 000010c0   00000040  00000000  00000040  RWIX
  FLASH                 00008000   00007fde  00001490  00006b4e  RWIX
  INT00                 0000ffe0   00000002  00000000  00000002  RWIX
  INT01                 0000ffe2   00000002  00000000  00000002  RWIX
  INT02                 0000ffe4   00000002  00000000  00000002  RWIX
  INT03                 0000ffe6   00000002  00000002  00000000  RWIX
  INT04                 0000ffe8   00000002  00000000  00000002  RWIX
  INT05                 0000ffea   00000002  00000000  00000002  RWIX
  INT06                 0000ffec   00000002  00000000  00000002  RWIX
  INT07                 0000ffee   00000002  00000002  00000000  RWIX
  INT08                 0000fff0   00000002  00000000  00000002  RWIX
  INT09                 0000fff2   00000002  00000002  00000000  RWIX
  INT10                 0000fff4   00000002  00000000  00000002  RWIX
  INT11                 0000fff6   00000002  00000000  00000002  RWIX
  INT12                 0000fff8   00000002  00000000  00000002  RWIX
  INT13                 0000fffa   00000002  00000000  00000002  RWIX
  INT14                 0000fffc   00000002  00000000  00000002  RWIX
  RESET                 0000fffe   00000002  00000002  00000000  RWIX


SECTION ALLOCATION MAP

 output                                  attributes/
section   page    origin      length       input sections
--------  ----  ----------  ----------   ----------------
.pinit     0    00008000    00000000     UNINITIALIZED

.bss       0    00000200    0000019d     UNINITIALIZED
                  00000200    000000ac     main.obj (.bss)
                  000002ac    00000096     queue.obj (.bss)
                  00000342    00000023     net_intf_transceive.obj (.bss)
                  00000365    00000001     --HOLE--
                  00000366    0000001e     timer_a.obj (.bss)
                  00000384    0000000a     CC1101.obj (.bss)
                  0000038e    00000004     rts430.lib : _lock.obj (.bss)
                  00000392    00000004                : boot.obj (.bss)
                  00000396    00000004                : rand.obj (.bss)
                  0000039a    00000003     process.obj (.bss)

.stack     0    0000059c    00000064     UNINITIALIZED
                  0000059c    00000002     rts430.lib : boot.obj (.stack)
                  0000059e    00000062     --HOLE--

.text      0    00008000    000013ca     
                  00008000    0000018a     process.obj (.text:process_data_from_host__FPUcUc)
                  0000818a    00000142     process.obj (.text:process_data_from_node__FPUcUc)
                  000082cc    000000de     main.obj (.text:main)
                  000083aa    000000da     net_intf_transceive.obj (.text:process_usart_rx_data__FUc)
                  00008484    000000d0     CC1101.obj (.text:CC1101SendPacket__FPUcUc12TX_DATA_MODE)
                  00008554    000000c6     CC1101.obj (.text:CC1101RecPacket__FPUc)
                  0000861a    000000a0     process.obj (.text:RfTransmitPacket__FPUcUc)
                  000086ba    0000008a     timer_a.obj (.text:Schd_Run__FUl)
                  00008744    00000088     flash.obj (.text:WriteFlash__FUiPUcUc)
                  000087cc    00000086     process.obj (.text:send_freq_request_ack__Fv)
                  00008852    00000082     CC1101.obj (.text:CC1101Init__Fv)
                  000088d4    00000080     timer_a.obj (.text:Schd_After_Int__FUlPFv_v)
                  00008954    00000080     queue.obj (.text:enArray__FPUcUc)
                  000089d4    00000080     process.obj (.text:transfer_data_to485___Fv)
                  00008a54    0000007a     process.obj (.text:UartTransmitPacket__FPUcUc)
                  00008ace    00000066     timer_a.obj (.text:timeout__FUlT1)
                  00008b34    00000060     CC1101.obj (.text:CC1101ReadMultiReg__FUcPUcT1)
                  00008b94    0000005a     spi.obj (.text:SPI_ExchangeByte__FUc)
                  00008bee    0000004c     rts430.lib : lsr16.obj (.text)
                  00008c3a    0000004a     main.obj (.text:read_para_from_flash__Fv)
                  00008c84    00000048     CC1101.obj (.text:CC1101WriteMultiReg__FUcPUcT1)
                  00008ccc    00000048     CC1101.obj (.text:init_cc1101_gpio__Fv)
                  00008d14    00000046     rts430.lib : autoinit.obj (.text:_auto_init)
                  00008d5a    00000044     timer_a.obj (.text:Timer_A__Fv)
                  00008d9e    00000044     queue.obj (.text:init_485_data_buf__Fv)
                  00008de2    00000042     main.obj (.text:InitSysClk__Fv)
                  00008e24    00000040     rf_receive.obj (.text:PORT2_ISR__Fv)
                  00008e64    0000003c     CC1101.obj (.text:CC1101SetTRMode__F6TRMODE)
                  00008ea0    0000003c     process.obj (.text:Delay_nms__FUl)
                  00008edc    0000003c     queue.obj (.text:queue_isEmpty__Fv)
                  00008f18    0000003a     flash.obj (.text:ReadFlash__FUiPUcUc)
                  00008f52    0000003a     CC1101.obj (.text:cc1101_set_channel__FUc)
                  00008f8c    00000038     rts430.lib : rand.obj (.text:rand)
                  00008fc4    00000032     CC1101.obj (.text:CC1101Reset__Fv)
                  00008ff6    0000002e     main.obj (.text:led_flash__Fv)
                  00009024    0000002c     main.obj (.text:InitLed__Fv)
                  00009050    0000002c     rts430.lib : div16s.obj (.text)
                  0000907c    0000002c                : lsl16.obj (.text)
                  000090a8    00000026     CC1101.obj (.text:CC1101ReadReg__FUc)
                  000090ce    00000026     CC1101.obj (.text:CC1101ReadStatus__FUc)
                  000090f4    00000026     main.obj (.text:InitUCA0__Fv)
                  0000911a    00000026     net_intf_transceive.obj (.text:USCI0RX_ISR__Fv)
                  00009140    00000026     rts430.lib : boot.obj (.text:_c_int00_noexit)
                  00009166    00000026                : mult32.obj (.text)
                  0000918c    00000024     CC1101.obj (.text:CC1101SetSYNC__FUi)
                  000091b0    00000022     CC1101.obj (.text:CC1101WriteReg__FUcT1)
                  000091d2    00000020     rts430.lib : memmov.obj (.text:memmove)
                  000091f2    00000020     process.obj (.text:move_data_buf__Fv)
                  00009212    0000001e     process.obj (.text:Delay_1ms__Fv)
                  00009230    0000001c     main.obj (.text:init_drivers__Fv)
                  0000924c    00000016     CC1101.obj (.text:CC1101WriteCmd__FUc)
                  00009262    00000016     main.obj (.text:debug_print__FPUcUc)
                  00009278    00000016     rts430.lib : div16u.obj (.text)
                  0000928e    00000014     main.obj (.text:InitTimerA__Fv)
                  000092a2    00000014     rf_receive.obj (.text:IsClr__FUc)
                  000092b6    00000014     rts430.lib : memset.obj (.text:memset)
                  000092ca    00000014                : mult16.obj (.text)
                  000092de    00000012     CC1101.obj (.text:init_spi__Fv)
                  000092f0    00000012     rts430.lib : memcpy.obj (.text:memcpy)
                  00009302    00000012     process.obj (.text:send_data_to485__Fv)
                  00009314    00000010     CC1101.obj (.text:CC1101GetRXCnt__Fv)
                  00009324    00000010     rts430.lib : epilog.obj (.text)
                  00009334    0000000e     CC1101.obj (.text:CC1101ClrRXBuff__Fv)
                  00009342    0000000e     CC1101.obj (.text:CC1101ClrTXBuff__Fv)
                  00009350    0000000e     main.obj (.text:Init485__Fv)
                  0000935e    0000000e     CC1101.obj (.text:init_cc1101__Fv)
                  0000936c    0000000a     CC1101.obj (.text:CC1101SetIdle__Fv)
                  00009376    0000000a     timer_a.obj (.text:_local_tickime__Fv)
                  00009380    00000008     main.obj (.text:feed_watchdog__Fv)
                  00009388    00000008     main.obj (.text:status_led_reverse__Fv)
                  00009390    00000006     main.obj (.text:uart_trx_led_off__Fv)
                  00009396    00000006     process.obj (.text:uart_trx_led_off__Fv)
                  0000939c    00000006     main.obj (.text:uart_trx_led_on__Fv)
                  000093a2    00000006     process.obj (.text:uart_trx_led_on__Fv)
                  000093a8    00000006     main.obj (.text:wireless_trx_led_off__Fv)
                  000093ae    00000006     process.obj (.text:wireless_trx_led_off__Fv)
                  000093b4    00000006     main.obj (.text:wireless_trx_led_on__Fv)
                  000093ba    00000006     process.obj (.text:wireless_trx_led_on__Fv)
                  000093c0    00000004     rts430.lib : pre_init.obj (.text:_system_pre_init)
                  000093c4    00000004                : exit.obj (.text:abort)
                  000093c8    00000002                : _lock.obj (.text:_nop)

.cinit     0    000093ca    00000080     
                  000093ca    00000022     timer_a.obj (.cinit)
                  000093ec    00000018     CC1101.obj (.cinit)
                  00009404    00000018     main.obj (.cinit)
                  0000941c    00000011     net_intf_transceive.obj (.cinit)
                  0000942d    00000001     --HOLE-- [fill = 0]
                  0000942e    00000011     process.obj (.cinit)
                  0000943f    00000001     --HOLE-- [fill = 0]
                  00009440    00000008     rts430.lib : rand.obj (.cinit)
                  00009448    00000002     --HOLE-- [fill = 0]

.const     0    0000944a    00000046     
                  0000944a    00000034     CC1101.obj (.const:CC1101InitData)
                  0000947e    0000000a     CC1101.obj (.const:Channel_Table)
                  00009488    00000008     main.obj (.const:.string)

.int03     0    0000ffe6    00000002     
                  0000ffe6    00000002     rf_receive.obj (.int03)

.int07     0    0000ffee    00000002     
                  0000ffee    00000002     net_intf_transceive.obj (.int07)

.int09     0    0000fff2    00000002     
                  0000fff2    00000002     timer_a.obj (.int09)

.reset     0    0000fffe    00000002     
                  0000fffe    00000002     rts430.lib : boot.obj (.reset)


GLOBAL SYMBOLS: SORTED ALPHABETICALLY BY Name 

address    name
--------   ----
00000200   .bss
00008000   .text
0000004a   ADC10AE0
0000004b   ADC10AE1
000001b0   ADC10CTL0
000001b2   ADC10CTL1
00000048   ADC10DTC0
00000049   ADC10DTC1
000001b4   ADC10MEM
000001bc   ADC10SA
00000057   BCSCTL1
00000058   BCSCTL2
00000053   BCSCTL3
000093c4   C$$EXIT
000010fb   CALBC1_12MHZ
000010f9   CALBC1_16MHZ
000010ff   CALBC1_1MHZ
000010fd   CALBC1_8MHZ
000010fa   CALDCO_12MHZ
000010f8   CALDCO_16MHZ
000010fe   CALDCO_1MHZ
000010fc   CALDCO_8MHZ
00009334   CC1101ClrRXBuff__Fv
00009342   CC1101ClrTXBuff__Fv
00009314   CC1101GetRXCnt__Fv
00008852   CC1101Init__Fv
00008b34   CC1101ReadMultiReg__FUcPUcT1
000090a8   CC1101ReadReg__FUc
000090ce   CC1101ReadStatus__FUc
00008554   CC1101RecPacket__FPUc
00008fc4   CC1101Reset__Fv
00008484   CC1101SendPacket__FPUcUc12TX_DATA_MODE
0000936c   CC1101SetIdle__Fv
0000918c   CC1101SetSYNC__FUi
00008e64   CC1101SetTRMode__F6TRMODE
0000924c   CC1101WriteCmd__FUc
00008c84   CC1101WriteMultiReg__FUcPUcT1
000091b0   CC1101WriteReg__FUcT1
00000056   DCOCTL
00009212   Delay_1ms__Fv
00008ea0   Delay_nms__FUl
00000128   FCTL1
0000012a   FCTL2
0000012c   FCTL3
00000000   IE1
00000001   IE2
00000002   IFG1
00000003   IFG2
0000907c   I_LSL
000090a4   I_LSL_1
00009092   I_LSL_10
00009090   I_LSL_11
0000908e   I_LSL_12
0000908c   I_LSL_13
0000908a   I_LSL_14
00009088   I_LSL_15
000090a2   I_LSL_2
000090a0   I_LSL_3
0000909e   I_LSL_4
0000909c   I_LSL_5
0000909a   I_LSL_6
00009098   I_LSL_7
00009096   I_LSL_8
00009094   I_LSL_9
00008bee   I_LSR
00008c34   I_LSR_1
00008c10   I_LSR_10
00008c0c   I_LSR_11
00008c08   I_LSR_12
00008c04   I_LSR_13
00008c00   I_LSR_14
00008bfc   I_LSR_15
00008c30   I_LSR_2
00008c2c   I_LSR_3
00008c28   I_LSR_4
00008c24   I_LSR_5
00008c20   I_LSR_6
00008c1c   I_LSR_7
00008c18   I_LSR_8
00008c14   I_LSR_9
00000022   P1DIR
00000025   P1IE
00000024   P1IES
00000023   P1IFG
00000020   P1IN
00000021   P1OUT
00000027   P1REN
00000026   P1SEL
0000002a   P2DIR
0000002d   P2IE
0000002c   P2IES
0000002b   P2IFG
00000028   P2IN
00000029   P2OUT
0000002f   P2REN
0000002e   P2SEL
0000001a   P3DIR
00000018   P3IN
00000019   P3OUT
00000010   P3REN
0000001b   P3SEL
0000001e   P4DIR
0000001c   P4IN
0000001d   P4OUT
00000011   P4REN
0000001f   P4SEL
00008e24   PORT2_ISR__Fv
00000386   PaTabel
00008f18   ReadFlash__FUiPUcUc
0000861a   RfTransmitPacket__FPUcUc
00008b94   SPI_ExchangeByte__FUc
000088d4   Schd_After_Int__FUlPFv_v
000086ba   Schd_Run__FUl
00000172   TACCR0
00000174   TACCR1
00000176   TACCR2
00000162   TACCTL0
00000164   TACCTL1
00000166   TACCTL2
00000160   TACTL
0000012e   TAIV
00000170   TAR
00000192   TBCCR0
00000194   TBCCR1
00000196   TBCCR2
00000182   TBCCTL0
00000184   TBCCTL1
00000186   TBCCTL2
00000180   TBCTL
0000011e   TBIV
00000190   TBR
00008d5a   Timer_A__Fv
0000005d   UCA0ABCTL
00000062   UCA0BR0
00000063   UCA0BR1
00000060   UCA0CTL0
00000061   UCA0CTL1
0000005f   UCA0IRRCTL
0000005e   UCA0IRTCTL
00000064   UCA0MCTL
00000066   UCA0RXBUF
00000065   UCA0STAT
00000067   UCA0TXBUF
0000006a   UCB0BR0
0000006b   UCB0BR1
00000068   UCB0CTL0
00000069   UCB0CTL1
0000006c   UCB0I2CIE
00000118   UCB0I2COA
0000011a   UCB0I2CSA
0000006e   UCB0RXBUF
0000006d   UCB0STAT
0000006f   UCB0TXBUF
0000911a   USCI0RX_ISR__Fv
00008a54   UartTransmitPacket__FPUcUc
00000120   WDTCTL
00008744   WriteFlash__FUiPUcUc
000002a5   ZJ_Ch
0000039c   _485_send_ack
0000039a   _485_send_lock
0000039b   _485_send_retry_times
00000600   __STACK_END
00000064   __STACK_SIZE
00000001   __TI_args_main
00000001   __TI_auto_init
00000001   __TI_exit
ffffffff   __binit__
00000200   __bss__
ffffffff   __c_args__
000093ca   __cinit__
00009050   __divi
00009278   __divu
0000039d   __end__
000093ca   __etext__
000092ca   __mpyi
00009166   __mpyl
ffffffff   __pinit__
00009050   __remi
00009278   __remu
00008000   __text__
00008d14   _auto_init
00009140   _c_int00
00009140   _c_int00_noexit
00000392   _cleanup_ptr
00000394   _dtors_ptr
00009376   _local_tickime__Fv
00000366   _local_time_tick
0000038e   _lock
000093c8   _nop
0000fffe   _reset_vector
0000036a   _schd_items
00000382   _schd_last_microsecond
0000059c   _stack
000093c0   _system_pre_init
00000390   _unlock
000093c4   abort
00000200   bRfRcv
00000201   bRfSend
ffffffff   binit
00008f52   cc1101_set_channel__FUc
000093ca   cinit
000002ac   data_buf_to_transfer
00000224   data_from_host
000002a4   data_from_host_len
00009262   debug_print__FPUcUc
000002a6   dev_id
00008954   enArray__FPUcUc
0000039d   end
000093ca   etext
00009380   feed_watchdog__Fv
00009330   func_epilog_1
0000932e   func_epilog_2
0000932c   func_epilog_3
0000932a   func_epilog_4
00009328   func_epilog_5
00009326   func_epilog_6
00009324   func_epilog_7
00008d9e   init_485_data_buf__Fv
0000935e   init_cc1101__Fv
00009230   init_drivers__Fv
00008ff6   led_flash__Fv
000082cc   main
000092f0   memcpy
000091d2   memmove
000092b6   memset
000091f2   move_data_buf__Fv
ffffffff   pinit
00008000   process_data_from_host__FPUcUc
0000818a   process_data_from_node__FPUcUc
000083aa   process_usart_rx_data__FUc
00008edc   queue_isEmpty__Fv
00008f8c   rand
00008c3a   read_para_from_flash__Fv
00009302   send_data_to485__Fv
000087cc   send_freq_request_ack__Fv
00008ace   timeout__FUlT1
000089d4   transfer_data_to485___Fv
00000385   tx_done
00000384   tx_enable
00000342   usart_rx_buf
00000362   usart_rx_index
00000363   usart_rx_success
00000202   wireless_rxbuf
00000222   wireless_rxlen


GLOBAL SYMBOLS: SORTED BY Symbol Address 

address    name
--------   ----
00000000   IE1
00000001   IE2
00000001   __TI_args_main
00000001   __TI_auto_init
00000001   __TI_exit
00000002   IFG1
00000003   IFG2
00000010   P3REN
00000011   P4REN
00000018   P3IN
00000019   P3OUT
0000001a   P3DIR
0000001b   P3SEL
0000001c   P4IN
0000001d   P4OUT
0000001e   P4DIR
0000001f   P4SEL
00000020   P1IN
00000021   P1OUT
00000022   P1DIR
00000023   P1IFG
00000024   P1IES
00000025   P1IE
00000026   P1SEL
00000027   P1REN
00000028   P2IN
00000029   P2OUT
0000002a   P2DIR
0000002b   P2IFG
0000002c   P2IES
0000002d   P2IE
0000002e   P2SEL
0000002f   P2REN
00000048   ADC10DTC0
00000049   ADC10DTC1
0000004a   ADC10AE0
0000004b   ADC10AE1
00000053   BCSCTL3
00000056   DCOCTL
00000057   BCSCTL1
00000058   BCSCTL2
0000005d   UCA0ABCTL
0000005e   UCA0IRTCTL
0000005f   UCA0IRRCTL
00000060   UCA0CTL0
00000061   UCA0CTL1
00000062   UCA0BR0
00000063   UCA0BR1
00000064   UCA0MCTL
00000064   __STACK_SIZE
00000065   UCA0STAT
00000066   UCA0RXBUF
00000067   UCA0TXBUF
00000068   UCB0CTL0
00000069   UCB0CTL1
0000006a   UCB0BR0
0000006b   UCB0BR1
0000006c   UCB0I2CIE
0000006d   UCB0STAT
0000006e   UCB0RXBUF
0000006f   UCB0TXBUF
00000118   UCB0I2COA
0000011a   UCB0I2CSA
0000011e   TBIV
00000120   WDTCTL
00000128   FCTL1
0000012a   FCTL2
0000012c   FCTL3
0000012e   TAIV
00000160   TACTL
00000162   TACCTL0
00000164   TACCTL1
00000166   TACCTL2
00000170   TAR
00000172   TACCR0
00000174   TACCR1
00000176   TACCR2
00000180   TBCTL
00000182   TBCCTL0
00000184   TBCCTL1
00000186   TBCCTL2
00000190   TBR
00000192   TBCCR0
00000194   TBCCR1
00000196   TBCCR2
000001b0   ADC10CTL0
000001b2   ADC10CTL1
000001b4   ADC10MEM
000001bc   ADC10SA
00000200   .bss
00000200   __bss__
00000200   bRfRcv
00000201   bRfSend
00000202   wireless_rxbuf
00000222   wireless_rxlen
00000224   data_from_host
000002a4   data_from_host_len
000002a5   ZJ_Ch
000002a6   dev_id
000002ac   data_buf_to_transfer
00000342   usart_rx_buf
00000362   usart_rx_index
00000363   usart_rx_success
00000366   _local_time_tick
0000036a   _schd_items
00000382   _schd_last_microsecond
00000384   tx_enable
00000385   tx_done
00000386   PaTabel
0000038e   _lock
00000390   _unlock
00000392   _cleanup_ptr
00000394   _dtors_ptr
0000039a   _485_send_lock
0000039b   _485_send_retry_times
0000039c   _485_send_ack
0000039d   __end__
0000039d   end
0000059c   _stack
00000600   __STACK_END
000010f8   CALDCO_16MHZ
000010f9   CALBC1_16MHZ
000010fa   CALDCO_12MHZ
000010fb   CALBC1_12MHZ
000010fc   CALDCO_8MHZ
000010fd   CALBC1_8MHZ
000010fe   CALDCO_1MHZ
000010ff   CALBC1_1MHZ
00008000   .text
00008000   __text__
00008000   process_data_from_host__FPUcUc
0000818a   process_data_from_node__FPUcUc
000082cc   main
000083aa   process_usart_rx_data__FUc
00008484   CC1101SendPacket__FPUcUc12TX_DATA_MODE
00008554   CC1101RecPacket__FPUc
0000861a   RfTransmitPacket__FPUcUc
000086ba   Schd_Run__FUl
00008744   WriteFlash__FUiPUcUc
000087cc   send_freq_request_ack__Fv
00008852   CC1101Init__Fv
000088d4   Schd_After_Int__FUlPFv_v
00008954   enArray__FPUcUc
000089d4   transfer_data_to485___Fv
00008a54   UartTransmitPacket__FPUcUc
00008ace   timeout__FUlT1
00008b34   CC1101ReadMultiReg__FUcPUcT1
00008b94   SPI_ExchangeByte__FUc
00008bee   I_LSR
00008bfc   I_LSR_15
00008c00   I_LSR_14
00008c04   I_LSR_13
00008c08   I_LSR_12
00008c0c   I_LSR_11
00008c10   I_LSR_10
00008c14   I_LSR_9
00008c18   I_LSR_8
00008c1c   I_LSR_7
00008c20   I_LSR_6
00008c24   I_LSR_5
00008c28   I_LSR_4
00008c2c   I_LSR_3
00008c30   I_LSR_2
00008c34   I_LSR_1
00008c3a   read_para_from_flash__Fv
00008c84   CC1101WriteMultiReg__FUcPUcT1
00008d14   _auto_init
00008d5a   Timer_A__Fv
00008d9e   init_485_data_buf__Fv
00008e24   PORT2_ISR__Fv
00008e64   CC1101SetTRMode__F6TRMODE
00008ea0   Delay_nms__FUl
00008edc   queue_isEmpty__Fv
00008f18   ReadFlash__FUiPUcUc
00008f52   cc1101_set_channel__FUc
00008f8c   rand
00008fc4   CC1101Reset__Fv
00008ff6   led_flash__Fv
00009050   __divi
00009050   __remi
0000907c   I_LSL
00009088   I_LSL_15
0000908a   I_LSL_14
0000908c   I_LSL_13
0000908e   I_LSL_12
00009090   I_LSL_11
00009092   I_LSL_10
00009094   I_LSL_9
00009096   I_LSL_8
00009098   I_LSL_7
0000909a   I_LSL_6
0000909c   I_LSL_5
0000909e   I_LSL_4
000090a0   I_LSL_3
000090a2   I_LSL_2
000090a4   I_LSL_1
000090a8   CC1101ReadReg__FUc
000090ce   CC1101ReadStatus__FUc
0000911a   USCI0RX_ISR__Fv
00009140   _c_int00
00009140   _c_int00_noexit
00009166   __mpyl
0000918c   CC1101SetSYNC__FUi
000091b0   CC1101WriteReg__FUcT1
000091d2   memmove
000091f2   move_data_buf__Fv
00009212   Delay_1ms__Fv
00009230   init_drivers__Fv
0000924c   CC1101WriteCmd__FUc
00009262   debug_print__FPUcUc
00009278   __divu
00009278   __remu
000092b6   memset
000092ca   __mpyi
000092f0   memcpy
00009302   send_data_to485__Fv
00009314   CC1101GetRXCnt__Fv
00009324   func_epilog_7
00009326   func_epilog_6
00009328   func_epilog_5
0000932a   func_epilog_4
0000932c   func_epilog_3
0000932e   func_epilog_2
00009330   func_epilog_1
00009334   CC1101ClrRXBuff__Fv
00009342   CC1101ClrTXBuff__Fv
0000935e   init_cc1101__Fv
0000936c   CC1101SetIdle__Fv
00009376   _local_tickime__Fv
00009380   feed_watchdog__Fv
000093c0   _system_pre_init
000093c4   C$$EXIT
000093c4   abort
000093c8   _nop
000093ca   __cinit__
000093ca   __etext__
000093ca   cinit
000093ca   etext
0000fffe   _reset_vector
ffffffff   __binit__
ffffffff   __c_args__
ffffffff   __pinit__
ffffffff   binit
ffffffff   pinit

[244 symbols]
