******************************************************************************
                  MSP430 Linker PC v3.3.1                      
******************************************************************************
>> Linked Tue Sep 26 14:21:31 2017

OUTPUT FILE NAME:   <Transceiver.out>
ENTRY POINT SYMBOL: "_c_int00"  address: 000090fa


MEMORY CONFIGURATION

         name            origin    length      used     unused   attr    fill
----------------------  --------  ---------  --------  --------  ----  --------
  SFR                   00000000   00000010  00000000  00000010  RWIX
  PERIPHERALS_8BIT      00000010   000000f0  00000000  000000f0  RWIX
  PERIPHERALS_16BIT     00000100   00000100  00000000  00000100  RWIX
  RAM                   00000200   00000400  00000201  000001ff  RWIX
  INFOD                 00001000   00000040  00000000  00000040  RWIX
  INFOC                 00001040   00000040  00000000  00000040  RWIX
  INFOB                 00001080   00000040  00000000  00000040  RWIX
  INFOA                 000010c0   00000040  00000000  00000040  RWIX
  FLASH                 00008000   00007fde  00001448  00006b96  RWIX
  INT00                 0000ffe0   00000002  00000000  00000002  RWIX
  INT01                 0000ffe2   00000002  00000000  00000002  RWIX
  INT02                 0000ffe4   00000002  00000000  00000002  RWIX
  INT03                 0000ffe6   00000002  00000002  00000000  RWIX
  INT04                 0000ffe8   00000002  00000000  00000002  RWIX
  INT05                 0000ffea   00000002  00000000  00000002  RWIX
  INT06                 0000ffec   00000002  00000000  00000002  RWIX
  INT07                 0000ffee   00000002  00000002  00000000  RWIX
  INT08                 0000fff0   00000002  00000000  00000002  RWIX
  INT09                 0000fff2   00000002  00000002  00000000  RWIX
  INT10                 0000fff4   00000002  00000000  00000002  RWIX
  INT11                 0000fff6   00000002  00000000  00000002  RWIX
  INT12                 0000fff8   00000002  00000000  00000002  RWIX
  INT13                 0000fffa   00000002  00000000  00000002  RWIX
  INT14                 0000fffc   00000002  00000000  00000002  RWIX
  RESET                 0000fffe   00000002  00000002  00000000  RWIX


SECTION ALLOCATION MAP

 output                                  attributes/
section   page    origin      length       input sections
--------  ----  ----------  ----------   ----------------
.pinit     0    00008000    00000000     UNINITIALIZED

.bss       0    00000200    0000019d     UNINITIALIZED
                  00000200    000000ac     main.obj (.bss)
                  000002ac    00000096     queue.obj (.bss)
                  00000342    00000023     net_intf_transceive.obj (.bss)
                  00000365    00000001     --HOLE--
                  00000366    0000001e     timer_a.obj (.bss)
                  00000384    0000000a     CC1101.obj (.bss)
                  0000038e    00000004     rts430.lib : _lock.obj (.bss)
                  00000392    00000004                : boot.obj (.bss)
                  00000396    00000004                : rand.obj (.bss)
                  0000039a    00000003     process.obj (.bss)

.stack     0    0000059c    00000064     UNINITIALIZED
                  0000059c    00000002     rts430.lib : boot.obj (.stack)
                  0000059e    00000062     --HOLE--

.text      0    00008000    00001382     
                  00008000    0000018a     process.obj (.text:process_data_from_host__FPUcUc)
                  0000818a    00000144     process.obj (.text:process_data_from_node__FPUcUc)
                  000082ce    000000da     main.obj (.text:main)
                  000083a8    000000da     net_intf_transceive.obj (.text:process_usart_rx_data__FUc)
                  00008482    000000d0     CC1101.obj (.text:CC1101SendPacket__FPUcUc12TX_DATA_MODE)
                  00008552    000000c6     CC1101.obj (.text:CC1101RecPacket__FPUc)
                  00008618    000000a0     process.obj (.text:RfTransmitPacket__FPUcUc)
                  000086b8    0000008a     timer_a.obj (.text:Schd_Run__FUl)
                  00008742    00000088     flash.obj (.text:WriteFlash__FUiPUcUc)
                  000087ca    00000086     process.obj (.text:send_freq_request_ack__Fv)
                  00008850    00000082     CC1101.obj (.text:CC1101Init__Fv)
                  000088d2    00000080     timer_a.obj (.text:Schd_After_Int__FUlPFv_v)
                  00008952    00000080     queue.obj (.text:enArray__FPUcUc)
                  000089d2    00000080     process.obj (.text:transfer_data_to485___Fv)
                  00008a52    0000007a     process.obj (.text:UartTransmitPacket__FPUcUc)
                  00008acc    00000066     timer_a.obj (.text:timeout__FUlT1)
                  00008b32    00000060     CC1101.obj (.text:CC1101ReadMultiReg__FUcPUcT1)
                  00008b92    0000005a     spi.obj (.text:SPI_ExchangeByte__FUc)
                  00008bec    0000004c     rts430.lib : lsr16.obj (.text)
                  00008c38    0000004a     main.obj (.text:read_para_from_flash__Fv)
                  00008c82    00000048     CC1101.obj (.text:CC1101WriteMultiReg__FUcPUcT1)
                  00008cca    00000048     CC1101.obj (.text:init_cc1101_gpio__Fv)
                  00008d12    00000046     rts430.lib : autoinit.obj (.text:_auto_init)
                  00008d58    00000044     timer_a.obj (.text:Timer_A__Fv)
                  00008d9c    00000042     main.obj (.text:InitSysClk__Fv)
                  00008dde    00000040     rf_receive.obj (.text:PORT2_ISR__Fv)
                  00008e1e    0000003c     CC1101.obj (.text:CC1101SetTRMode__F6TRMODE)
                  00008e5a    0000003c     process.obj (.text:Delay_nms__FUl)
                  00008e96    0000003c     queue.obj (.text:queue_isEmpty__Fv)
                  00008ed2    0000003a     flash.obj (.text:ReadFlash__FUiPUcUc)
                  00008f0c    0000003a     CC1101.obj (.text:cc1101_set_channel__FUc)
                  00008f46    00000038     rts430.lib : rand.obj (.text:rand)
                  00008f7e    00000032     CC1101.obj (.text:CC1101Reset__Fv)
                  00008fb0    0000002e     main.obj (.text:led_flash__Fv)
                  00008fde    0000002c     main.obj (.text:InitLed__Fv)
                  0000900a    0000002c     rts430.lib : div16s.obj (.text)
                  00009036    0000002c                : lsl16.obj (.text)
                  00009062    00000026     CC1101.obj (.text:CC1101ReadReg__FUc)
                  00009088    00000026     CC1101.obj (.text:CC1101ReadStatus__FUc)
                  000090ae    00000026     main.obj (.text:InitUCA0__Fv)
                  000090d4    00000026     net_intf_transceive.obj (.text:USCI0RX_ISR__Fv)
                  000090fa    00000026     rts430.lib : boot.obj (.text:_c_int00_noexit)
                  00009120    00000026                : mult32.obj (.text)
                  00009146    00000024     CC1101.obj (.text:CC1101SetSYNC__FUi)
                  0000916a    00000022     CC1101.obj (.text:CC1101WriteReg__FUcT1)
                  0000918c    00000020     rts430.lib : memmov.obj (.text:memmove)
                  000091ac    0000001e     process.obj (.text:Delay_1ms__Fv)
                  000091ca    0000001e     process.obj (.text:move_data_buf__Fv)
                  000091e8    0000001c     main.obj (.text:init_drivers__Fv)
                  00009204    00000016     CC1101.obj (.text:CC1101WriteCmd__FUc)
                  0000921a    00000016     main.obj (.text:debug_print__FPUcUc)
                  00009230    00000016     rts430.lib : div16u.obj (.text)
                  00009246    00000014     main.obj (.text:InitTimerA__Fv)
                  0000925a    00000014     rf_receive.obj (.text:IsClr__FUc)
                  0000926e    00000014     rts430.lib : memset.obj (.text:memset)
                  00009282    00000014                : mult16.obj (.text)
                  00009296    00000012     CC1101.obj (.text:init_spi__Fv)
                  000092a8    00000012     rts430.lib : memcpy.obj (.text:memcpy)
                  000092ba    00000012     process.obj (.text:send_data_to485__Fv)
                  000092cc    00000010     CC1101.obj (.text:CC1101GetRXCnt__Fv)
                  000092dc    00000010     rts430.lib : epilog.obj (.text)
                  000092ec    0000000e     CC1101.obj (.text:CC1101ClrRXBuff__Fv)
                  000092fa    0000000e     CC1101.obj (.text:CC1101ClrTXBuff__Fv)
                  00009308    0000000e     main.obj (.text:Init485__Fv)
                  00009316    0000000e     CC1101.obj (.text:init_cc1101__Fv)
                  00009324    0000000a     CC1101.obj (.text:CC1101SetIdle__Fv)
                  0000932e    0000000a     timer_a.obj (.text:_local_tickime__Fv)
                  00009338    00000008     main.obj (.text:feed_watchdog__Fv)
                  00009340    00000008     main.obj (.text:status_led_reverse__Fv)
                  00009348    00000006     main.obj (.text:uart_trx_led_off__Fv)
                  0000934e    00000006     process.obj (.text:uart_trx_led_off__Fv)
                  00009354    00000006     main.obj (.text:uart_trx_led_on__Fv)
                  0000935a    00000006     process.obj (.text:uart_trx_led_on__Fv)
                  00009360    00000006     main.obj (.text:wireless_trx_led_off__Fv)
                  00009366    00000006     process.obj (.text:wireless_trx_led_off__Fv)
                  0000936c    00000006     main.obj (.text:wireless_trx_led_on__Fv)
                  00009372    00000006     process.obj (.text:wireless_trx_led_on__Fv)
                  00009378    00000004     rts430.lib : pre_init.obj (.text:_system_pre_init)
                  0000937c    00000004                : exit.obj (.text:abort)
                  00009380    00000002                : _lock.obj (.text:_nop)

.cinit     0    00009382    00000080     
                  00009382    00000022     timer_a.obj (.cinit)
                  000093a4    00000018     CC1101.obj (.cinit)
                  000093bc    00000018     main.obj (.cinit)
                  000093d4    00000011     net_intf_transceive.obj (.cinit)
                  000093e5    00000001     --HOLE-- [fill = 0]
                  000093e6    00000011     process.obj (.cinit)
                  000093f7    00000001     --HOLE-- [fill = 0]
                  000093f8    00000008     rts430.lib : rand.obj (.cinit)
                  00009400    00000002     --HOLE-- [fill = 0]

.const     0    00009402    00000046     
                  00009402    00000034     CC1101.obj (.const:CC1101InitData)
                  00009436    0000000a     CC1101.obj (.const:Channel_Table)
                  00009440    00000008     main.obj (.const:.string)

.int03     0    0000ffe6    00000002     
                  0000ffe6    00000002     rf_receive.obj (.int03)

.int07     0    0000ffee    00000002     
                  0000ffee    00000002     net_intf_transceive.obj (.int07)

.int09     0    0000fff2    00000002     
                  0000fff2    00000002     timer_a.obj (.int09)

.reset     0    0000fffe    00000002     
                  0000fffe    00000002     rts430.lib : boot.obj (.reset)


GLOBAL SYMBOLS: SORTED ALPHABETICALLY BY Name 

address    name
--------   ----
00000200   .bss
00008000   .text
0000004a   ADC10AE0
0000004b   ADC10AE1
000001b0   ADC10CTL0
000001b2   ADC10CTL1
00000048   ADC10DTC0
00000049   ADC10DTC1
000001b4   ADC10MEM
000001bc   ADC10SA
00000057   BCSCTL1
00000058   BCSCTL2
00000053   BCSCTL3
0000937c   C$$EXIT
000010fb   CALBC1_12MHZ
000010f9   CALBC1_16MHZ
000010ff   CALBC1_1MHZ
000010fd   CALBC1_8MHZ
000010fa   CALDCO_12MHZ
000010f8   CALDCO_16MHZ
000010fe   CALDCO_1MHZ
000010fc   CALDCO_8MHZ
000092ec   CC1101ClrRXBuff__Fv
000092fa   CC1101ClrTXBuff__Fv
000092cc   CC1101GetRXCnt__Fv
00008850   CC1101Init__Fv
00008b32   CC1101ReadMultiReg__FUcPUcT1
00009062   CC1101ReadReg__FUc
00009088   CC1101ReadStatus__FUc
00008552   CC1101RecPacket__FPUc
00008f7e   CC1101Reset__Fv
00008482   CC1101SendPacket__FPUcUc12TX_DATA_MODE
00009324   CC1101SetIdle__Fv
00009146   CC1101SetSYNC__FUi
00008e1e   CC1101SetTRMode__F6TRMODE
00009204   CC1101WriteCmd__FUc
00008c82   CC1101WriteMultiReg__FUcPUcT1
0000916a   CC1101WriteReg__FUcT1
00000056   DCOCTL
000091ac   Delay_1ms__Fv
00008e5a   Delay_nms__FUl
00000128   FCTL1
0000012a   FCTL2
0000012c   FCTL3
00000000   IE1
00000001   IE2
00000002   IFG1
00000003   IFG2
00009036   I_LSL
0000905e   I_LSL_1
0000904c   I_LSL_10
0000904a   I_LSL_11
00009048   I_LSL_12
00009046   I_LSL_13
00009044   I_LSL_14
00009042   I_LSL_15
0000905c   I_LSL_2
0000905a   I_LSL_3
00009058   I_LSL_4
00009056   I_LSL_5
00009054   I_LSL_6
00009052   I_LSL_7
00009050   I_LSL_8
0000904e   I_LSL_9
00008bec   I_LSR
00008c32   I_LSR_1
00008c0e   I_LSR_10
00008c0a   I_LSR_11
00008c06   I_LSR_12
00008c02   I_LSR_13
00008bfe   I_LSR_14
00008bfa   I_LSR_15
00008c2e   I_LSR_2
00008c2a   I_LSR_3
00008c26   I_LSR_4
00008c22   I_LSR_5
00008c1e   I_LSR_6
00008c1a   I_LSR_7
00008c16   I_LSR_8
00008c12   I_LSR_9
00000022   P1DIR
00000025   P1IE
00000024   P1IES
00000023   P1IFG
00000020   P1IN
00000021   P1OUT
00000027   P1REN
00000026   P1SEL
0000002a   P2DIR
0000002d   P2IE
0000002c   P2IES
0000002b   P2IFG
00000028   P2IN
00000029   P2OUT
0000002f   P2REN
0000002e   P2SEL
0000001a   P3DIR
00000018   P3IN
00000019   P3OUT
00000010   P3REN
0000001b   P3SEL
0000001e   P4DIR
0000001c   P4IN
0000001d   P4OUT
00000011   P4REN
0000001f   P4SEL
00008dde   PORT2_ISR__Fv
00000386   PaTabel
00008ed2   ReadFlash__FUiPUcUc
00008618   RfTransmitPacket__FPUcUc
00008b92   SPI_ExchangeByte__FUc
000088d2   Schd_After_Int__FUlPFv_v
000086b8   Schd_Run__FUl
00000172   TACCR0
00000174   TACCR1
00000176   TACCR2
00000162   TACCTL0
00000164   TACCTL1
00000166   TACCTL2
00000160   TACTL
0000012e   TAIV
00000170   TAR
00000192   TBCCR0
00000194   TBCCR1
00000196   TBCCR2
00000182   TBCCTL0
00000184   TBCCTL1
00000186   TBCCTL2
00000180   TBCTL
0000011e   TBIV
00000190   TBR
00008d58   Timer_A__Fv
0000005d   UCA0ABCTL
00000062   UCA0BR0
00000063   UCA0BR1
00000060   UCA0CTL0
00000061   UCA0CTL1
0000005f   UCA0IRRCTL
0000005e   UCA0IRTCTL
00000064   UCA0MCTL
00000066   UCA0RXBUF
00000065   UCA0STAT
00000067   UCA0TXBUF
0000006a   UCB0BR0
0000006b   UCB0BR1
00000068   UCB0CTL0
00000069   UCB0CTL1
0000006c   UCB0I2CIE
00000118   UCB0I2COA
0000011a   UCB0I2CSA
0000006e   UCB0RXBUF
0000006d   UCB0STAT
0000006f   UCB0TXBUF
000090d4   USCI0RX_ISR__Fv
00008a52   UartTransmitPacket__FPUcUc
00000120   WDTCTL
00008742   WriteFlash__FUiPUcUc
000002a5   ZJ_Ch
0000039c   _485_send_ack
0000039a   _485_send_lock
0000039b   _485_send_retry_times
00000600   __STACK_END
00000064   __STACK_SIZE
00000001   __TI_args_main
00000001   __TI_auto_init
00000001   __TI_exit
ffffffff   __binit__
00000200   __bss__
ffffffff   __c_args__
00009382   __cinit__
0000900a   __divi
00009230   __divu
0000039d   __end__
00009382   __etext__
00009282   __mpyi
00009120   __mpyl
ffffffff   __pinit__
0000900a   __remi
00009230   __remu
00008000   __text__
00008d12   _auto_init
000090fa   _c_int00
000090fa   _c_int00_noexit
00000392   _cleanup_ptr
00000394   _dtors_ptr
0000932e   _local_tickime__Fv
00000366   _local_time_tick
0000038e   _lock
00009380   _nop
0000fffe   _reset_vector
0000036a   _schd_items
00000382   _schd_last_microsecond
0000059c   _stack
00009378   _system_pre_init
00000390   _unlock
0000937c   abort
00000200   bRfRcv
00000201   bRfSend
ffffffff   binit
00008f0c   cc1101_set_channel__FUc
00009382   cinit
000002ac   data_buf_to_transfer
00000224   data_from_host
000002a4   data_from_host_len
0000921a   debug_print__FPUcUc
000002a6   dev_id
00008952   enArray__FPUcUc
0000039d   end
00009382   etext
00009338   feed_watchdog__Fv
000092e8   func_epilog_1
000092e6   func_epilog_2
000092e4   func_epilog_3
000092e2   func_epilog_4
000092e0   func_epilog_5
000092de   func_epilog_6
000092dc   func_epilog_7
00009316   init_cc1101__Fv
000091e8   init_drivers__Fv
00008fb0   led_flash__Fv
000082ce   main
000092a8   memcpy
0000918c   memmove
0000926e   memset
000091ca   move_data_buf__Fv
ffffffff   pinit
00008000   process_data_from_host__FPUcUc
0000818a   process_data_from_node__FPUcUc
000083a8   process_usart_rx_data__FUc
00008e96   queue_isEmpty__Fv
00008f46   rand
00008c38   read_para_from_flash__Fv
000092ba   send_data_to485__Fv
000087ca   send_freq_request_ack__Fv
00008acc   timeout__FUlT1
000089d2   transfer_data_to485___Fv
00000385   tx_done
00000384   tx_enable
00000342   usart_rx_buf
00000362   usart_rx_index
00000363   usart_rx_success
00000202   wireless_rxbuf
00000222   wireless_rxlen


GLOBAL SYMBOLS: SORTED BY Symbol Address 

address    name
--------   ----
00000000   IE1
00000001   IE2
00000001   __TI_args_main
00000001   __TI_auto_init
00000001   __TI_exit
00000002   IFG1
00000003   IFG2
00000010   P3REN
00000011   P4REN
00000018   P3IN
00000019   P3OUT
0000001a   P3DIR
0000001b   P3SEL
0000001c   P4IN
0000001d   P4OUT
0000001e   P4DIR
0000001f   P4SEL
00000020   P1IN
00000021   P1OUT
00000022   P1DIR
00000023   P1IFG
00000024   P1IES
00000025   P1IE
00000026   P1SEL
00000027   P1REN
00000028   P2IN
00000029   P2OUT
0000002a   P2DIR
0000002b   P2IFG
0000002c   P2IES
0000002d   P2IE
0000002e   P2SEL
0000002f   P2REN
00000048   ADC10DTC0
00000049   ADC10DTC1
0000004a   ADC10AE0
0000004b   ADC10AE1
00000053   BCSCTL3
00000056   DCOCTL
00000057   BCSCTL1
00000058   BCSCTL2
0000005d   UCA0ABCTL
0000005e   UCA0IRTCTL
0000005f   UCA0IRRCTL
00000060   UCA0CTL0
00000061   UCA0CTL1
00000062   UCA0BR0
00000063   UCA0BR1
00000064   UCA0MCTL
00000064   __STACK_SIZE
00000065   UCA0STAT
00000066   UCA0RXBUF
00000067   UCA0TXBUF
00000068   UCB0CTL0
00000069   UCB0CTL1
0000006a   UCB0BR0
0000006b   UCB0BR1
0000006c   UCB0I2CIE
0000006d   UCB0STAT
0000006e   UCB0RXBUF
0000006f   UCB0TXBUF
00000118   UCB0I2COA
0000011a   UCB0I2CSA
0000011e   TBIV
00000120   WDTCTL
00000128   FCTL1
0000012a   FCTL2
0000012c   FCTL3
0000012e   TAIV
00000160   TACTL
00000162   TACCTL0
00000164   TACCTL1
00000166   TACCTL2
00000170   TAR
00000172   TACCR0
00000174   TACCR1
00000176   TACCR2
00000180   TBCTL
00000182   TBCCTL0
00000184   TBCCTL1
00000186   TBCCTL2
00000190   TBR
00000192   TBCCR0
00000194   TBCCR1
00000196   TBCCR2
000001b0   ADC10CTL0
000001b2   ADC10CTL1
000001b4   ADC10MEM
000001bc   ADC10SA
00000200   .bss
00000200   __bss__
00000200   bRfRcv
00000201   bRfSend
00000202   wireless_rxbuf
00000222   wireless_rxlen
00000224   data_from_host
000002a4   data_from_host_len
000002a5   ZJ_Ch
000002a6   dev_id
000002ac   data_buf_to_transfer
00000342   usart_rx_buf
00000362   usart_rx_index
00000363   usart_rx_success
00000366   _local_time_tick
0000036a   _schd_items
00000382   _schd_last_microsecond
00000384   tx_enable
00000385   tx_done
00000386   PaTabel
0000038e   _lock
00000390   _unlock
00000392   _cleanup_ptr
00000394   _dtors_ptr
0000039a   _485_send_lock
0000039b   _485_send_retry_times
0000039c   _485_send_ack
0000039d   __end__
0000039d   end
0000059c   _stack
00000600   __STACK_END
000010f8   CALDCO_16MHZ
000010f9   CALBC1_16MHZ
000010fa   CALDCO_12MHZ
000010fb   CALBC1_12MHZ
000010fc   CALDCO_8MHZ
000010fd   CALBC1_8MHZ
000010fe   CALDCO_1MHZ
000010ff   CALBC1_1MHZ
00008000   .text
00008000   __text__
00008000   process_data_from_host__FPUcUc
0000818a   process_data_from_node__FPUcUc
000082ce   main
000083a8   process_usart_rx_data__FUc
00008482   CC1101SendPacket__FPUcUc12TX_DATA_MODE
00008552   CC1101RecPacket__FPUc
00008618   RfTransmitPacket__FPUcUc
000086b8   Schd_Run__FUl
00008742   WriteFlash__FUiPUcUc
000087ca   send_freq_request_ack__Fv
00008850   CC1101Init__Fv
000088d2   Schd_After_Int__FUlPFv_v
00008952   enArray__FPUcUc
000089d2   transfer_data_to485___Fv
00008a52   UartTransmitPacket__FPUcUc
00008acc   timeout__FUlT1
00008b32   CC1101ReadMultiReg__FUcPUcT1
00008b92   SPI_ExchangeByte__FUc
00008bec   I_LSR
00008bfa   I_LSR_15
00008bfe   I_LSR_14
00008c02   I_LSR_13
00008c06   I_LSR_12
00008c0a   I_LSR_11
00008c0e   I_LSR_10
00008c12   I_LSR_9
00008c16   I_LSR_8
00008c1a   I_LSR_7
00008c1e   I_LSR_6
00008c22   I_LSR_5
00008c26   I_LSR_4
00008c2a   I_LSR_3
00008c2e   I_LSR_2
00008c32   I_LSR_1
00008c38   read_para_from_flash__Fv
00008c82   CC1101WriteMultiReg__FUcPUcT1
00008d12   _auto_init
00008d58   Timer_A__Fv
00008dde   PORT2_ISR__Fv
00008e1e   CC1101SetTRMode__F6TRMODE
00008e5a   Delay_nms__FUl
00008e96   queue_isEmpty__Fv
00008ed2   ReadFlash__FUiPUcUc
00008f0c   cc1101_set_channel__FUc
00008f46   rand
00008f7e   CC1101Reset__Fv
00008fb0   led_flash__Fv
0000900a   __divi
0000900a   __remi
00009036   I_LSL
00009042   I_LSL_15
00009044   I_LSL_14
00009046   I_LSL_13
00009048   I_LSL_12
0000904a   I_LSL_11
0000904c   I_LSL_10
0000904e   I_LSL_9
00009050   I_LSL_8
00009052   I_LSL_7
00009054   I_LSL_6
00009056   I_LSL_5
00009058   I_LSL_4
0000905a   I_LSL_3
0000905c   I_LSL_2
0000905e   I_LSL_1
00009062   CC1101ReadReg__FUc
00009088   CC1101ReadStatus__FUc
000090d4   USCI0RX_ISR__Fv
000090fa   _c_int00
000090fa   _c_int00_noexit
00009120   __mpyl
00009146   CC1101SetSYNC__FUi
0000916a   CC1101WriteReg__FUcT1
0000918c   memmove
000091ac   Delay_1ms__Fv
000091ca   move_data_buf__Fv
000091e8   init_drivers__Fv
00009204   CC1101WriteCmd__FUc
0000921a   debug_print__FPUcUc
00009230   __divu
00009230   __remu
0000926e   memset
00009282   __mpyi
000092a8   memcpy
000092ba   send_data_to485__Fv
000092cc   CC1101GetRXCnt__Fv
000092dc   func_epilog_7
000092de   func_epilog_6
000092e0   func_epilog_5
000092e2   func_epilog_4
000092e4   func_epilog_3
000092e6   func_epilog_2
000092e8   func_epilog_1
000092ec   CC1101ClrRXBuff__Fv
000092fa   CC1101ClrTXBuff__Fv
00009316   init_cc1101__Fv
00009324   CC1101SetIdle__Fv
0000932e   _local_tickime__Fv
00009338   feed_watchdog__Fv
00009378   _system_pre_init
0000937c   C$$EXIT
0000937c   abort
00009380   _nop
00009382   __cinit__
00009382   __etext__
00009382   cinit
00009382   etext
0000fffe   _reset_vector
ffffffff   __binit__
ffffffff   __c_args__
ffffffff   __pinit__
ffffffff   binit
ffffffff   pinit

[243 symbols]
