******************************************************************************
                  MSP430 Linker PC v3.3.1                      
******************************************************************************
>> Linked Fri Sep 29 18:49:31 2017

OUTPUT FILE NAME:   <Transceiver.out>
ENTRY POINT SYMBOL: "_c_int00"  address: 0000943e


MEMORY CONFIGURATION

         name            origin    length      used     unused   attr    fill
----------------------  --------  ---------  --------  --------  ----  --------
  SFR                   00000000   00000010  00000000  00000010  RWIX
  PERIPHERALS_8BIT      00000010   000000f0  00000000  000000f0  RWIX
  PERIPHERALS_16BIT     00000100   00000100  00000000  00000100  RWIX
  RAM                   00000200   00000400  00000215  000001eb  RWIX
  INFOD                 00001000   00000040  00000000  00000040  RWIX
  INFOC                 00001040   00000040  00000000  00000040  RWIX
  INFOB                 00001080   00000040  00000000  00000040  RWIX
  INFOA                 000010c0   00000040  00000000  00000040  RWIX
  FLASH                 00008000   00007fde  0000176e  00006870  RWIX
  INT00                 0000ffe0   00000002  00000000  00000002  RWIX
  INT01                 0000ffe2   00000002  00000000  00000002  RWIX
  INT02                 0000ffe4   00000002  00000000  00000002  RWIX
  INT03                 0000ffe6   00000002  00000002  00000000  RWIX
  INT04                 0000ffe8   00000002  00000000  00000002  RWIX
  INT05                 0000ffea   00000002  00000000  00000002  RWIX
  INT06                 0000ffec   00000002  00000000  00000002  RWIX
  INT07                 0000ffee   00000002  00000002  00000000  RWIX
  INT08                 0000fff0   00000002  00000000  00000002  RWIX
  INT09                 0000fff2   00000002  00000002  00000000  RWIX
  INT10                 0000fff4   00000002  00000000  00000002  RWIX
  INT11                 0000fff6   00000002  00000000  00000002  RWIX
  INT12                 0000fff8   00000002  00000000  00000002  RWIX
  INT13                 0000fffa   00000002  00000000  00000002  RWIX
  INT14                 0000fffc   00000002  00000000  00000002  RWIX
  RESET                 0000fffe   00000002  00000002  00000000  RWIX


SECTION ALLOCATION MAP

 output                                  attributes/
section   page    origin      length       input sections
--------  ----  ----------  ----------   ----------------
.pinit     0    00008000    00000000     UNINITIALIZED

.bss       0    00000200    000001b1     UNINITIALIZED
                  00000200    00000156     main.obj (.bss)
                  00000356    00000022     net_intf_transceive.obj (.bss)
                  00000378    00000020     timer_a.obj (.bss)
                  00000398    0000000a     CC1101.obj (.bss)
                  000003a2    00000004     rts430.lib : _lock.obj (.bss)
                  000003a6    00000004                : boot.obj (.bss)
                  000003aa    00000004                : rand.obj (.bss)
                  000003ae    00000003     process.obj (.bss)

.stack     0    0000059c    00000064     UNINITIALIZED
                  0000059c    00000002     rts430.lib : boot.obj (.stack)
                  0000059e    00000062     --HOLE--

.text      0    00008000    000016aa     
                  00008000    000001c8     process.obj (.text:process_data_from_host__Fv)
                  000081c8    00000136     process.obj (.text:process_data_from_node__FPUcUc)
                  000082fe    000000fc     CC1101.obj (.text:CC1101SendPacket__FPUcUc12TX_DATA_MODE13WIRELESS_PART)
                  000083fa    000000fa     net_intf_transceive.obj (.text:process_usart_rx_data__FUc)
                  000084f4    000000f8     main.obj (.text:main)
                  000085ec    000000f6     CC1101.obj (.text:CC1101RecPacket__FPUc13WIRELESS_PART)
                  000086e2    000000ac     timer_a.obj (.text:Schd_Run__FUl)
                  0000878e    000000a2     process.obj (.text:RfTransmitPacket__FPUcUc)
                  00008830    0000009e     process.obj (.text:transfer_data_to485___Fv)
                  000088ce    00000092     CC1101.obj (.text:CC1101Init__F13WIRELESS_PART)
                  00008960    0000008c     queue.obj (.text:enArray__FPUcUcP5_node)
                  000089ec    00000088     flash.obj (.text:WriteFlash__FUiPUcUc)
                  00008a74    00000088     process.obj (.text:send_freq_request_ack__Fv)
                  00008afc    00000080     CC1101.obj (.text:CC1101ReadMultiReg__FUcPUcT113WIRELESS_PART)
                  00008b7c    0000007c     timer_a.obj (.text:Schd_After_Int__FUlPFv_v)
                  00008bf8    00000072     rf_receive.obj (.text:PORT2_ISR__Fv)
                  00008c6a    00000070     process.obj (.text:UartTransmitPacket__FPUcUc)
                  00008cda    00000066     timer_a.obj (.text:timeout__FUlT1)
                  00008d40    00000064     CC1101.obj (.text:CC1101WriteMultiReg__FUcPUcT113WIRELESS_PART)
                  00008da4    0000005a     spi.obj (.text:SPI_ExchangeByte__FUc)
                  00008dfe    00000056     main.obj (.text:read_para_from_flash__Fv)
                  00008e54    00000050     CC1101.obj (.text:CC1101SetTRMode__F6TRMODE13WIRELESS_PART)
                  00008ea4    0000004e     CC1101.obj (.text:cc1101_set_channel__FUc13WIRELESS_PART)
                  00008ef2    0000004c     CC1101.obj (.text:CC1101Reset__F13WIRELESS_PART)
                  00008f3e    0000004c     queue.obj (.text:init_485_data_buf__FP5_node)
                  00008f8a    0000004c     rts430.lib : lsr16.obj (.text)
                  00008fd6    00000048     CC1101.obj (.text:init_cc1101_gpio__Fv)
                  0000901e    00000046     CC1101.obj (.text:CC1101ReadReg__FUc13WIRELESS_PART)
                  00009064    00000046     CC1101.obj (.text:CC1101ReadStatus__FUc13WIRELESS_PART)
                  000090aa    00000046     rts430.lib : autoinit.obj (.text:_auto_init)
                  000090f0    00000044     timer_a.obj (.text:Timer_A__Fv)
                  00009134    00000044     queue.obj (.text:queue_isEmpty__FP5_node)
                  00009178    00000042     main.obj (.text:InitSysClk__Fv)
                  000091ba    0000003e     CC1101.obj (.text:CC1101WriteReg__FUcT113WIRELESS_PART)
                  000091f8    0000003c     process.obj (.text:Delay_nms__FUl)
                  00009234    0000003a     flash.obj (.text:ReadFlash__FUiPUcUc)
                  0000926e    00000038     queue.obj (.text:move_data_buf__FP5_node)
                  000092a6    00000038     rts430.lib : rand.obj (.text:rand)
                  000092de    00000032     CC1101.obj (.text:CC1101WriteCmd__FUc13WIRELESS_PART)
                  00009310    00000030     CC1101.obj (.text:CC1101SetSYNC__FUi13WIRELESS_PART)
                  00009340    0000002e     main.obj (.text:led_flash__Fv)
                  0000936e    0000002c     main.obj (.text:InitLed__Fv)
                  0000939a    0000002c     process.obj (.text:_2index__FUc)
                  000093c6    0000002c     rts430.lib : lsl16.obj (.text)
                  000093f2    00000026     main.obj (.text:InitUCA0__Fv)
                  00009418    00000026     net_intf_transceive.obj (.text:USCI0RX_ISR__Fv)
                  0000943e    00000026     rts430.lib : boot.obj (.text:_c_int00_noexit)
                  00009464    00000026                : mult32.obj (.text)
                  0000948a    00000022     process.obj (.text:send_data_to485__Fv)
                  000094ac    00000020     rts430.lib : memmov.obj (.text:memmove)
                  000094cc    0000001e     process.obj (.text:Delay_1ms__Fv)
                  000094ea    0000001c     main.obj (.text:init_drivers__Fv)
                  00009506    0000001a     CC1101.obj (.text:CC1101GetRXCnt__F13WIRELESS_PART)
                  00009520    00000018     CC1101.obj (.text:CC1101ClrRXBuff__F13WIRELESS_PART)
                  00009538    00000018     CC1101.obj (.text:CC1101ClrTXBuff__F13WIRELESS_PART)
                  00009550    00000018     rts430.lib : rand.obj (.text:srand)
                  00009568    00000016     process.obj (.text:debug_print__FPUcUc)
                  0000957e    00000016     CC1101.obj (.text:init_cc1101__Fv)
                  00009594    00000016     rts430.lib : div16u.obj (.text)
                  000095aa    00000014     CC1101.obj (.text:CC1101SetIdle__F13WIRELESS_PART)
                  000095be    00000014     main.obj (.text:InitTimerA__Fv)
                  000095d2    00000014     rf_receive.obj (.text:IsClr__FUc)
                  000095e6    00000014     rts430.lib : memset.obj (.text:memset)
                  000095fa    00000014                : mult16.obj (.text)
                  0000960e    00000012     CC1101.obj (.text:init_spi__Fv)
                  00009620    00000012     rts430.lib : memcpy.obj (.text:memcpy)
                  00009632    00000010                : epilog.obj (.text)
                  00009642    0000000e     main.obj (.text:Init485__Fv)
                  00009650    0000000a     timer_a.obj (.text:_local_tickime__Fv)
                  0000965a    00000008     main.obj (.text:feed_watchdog__Fv)
                  00009662    00000008     main.obj (.text:status_led_reverse__Fv)
                  0000966a    00000006     process.obj (.text:_485_setting_enable__Fv)
                  00009670    00000006     main.obj (.text:uart_trx_led_off__Fv)
                  00009676    00000006     process.obj (.text:uart_trx_led_off__Fv)
                  0000967c    00000006     main.obj (.text:uart_trx_led_on__Fv)
                  00009682    00000006     process.obj (.text:uart_trx_led_on__Fv)
                  00009688    00000006     main.obj (.text:wireless_trx_led_off__Fv)
                  0000968e    00000006     process.obj (.text:wireless_trx_led_off__Fv)
                  00009694    00000006     main.obj (.text:wireless_trx_led_on__Fv)
                  0000969a    00000006     process.obj (.text:wireless_trx_led_on__Fv)
                  000096a0    00000004     rts430.lib : pre_init.obj (.text:_system_pre_init)
                  000096a4    00000004                : exit.obj (.text:abort)
                  000096a8    00000002                : _lock.obj (.text:_nop)

.cinit     0    000096aa    0000007c     
                  000096aa    00000024     timer_a.obj (.cinit)
                  000096ce    00000018     CC1101.obj (.cinit)
                  000096e6    00000018     main.obj (.cinit)
                  000096fe    00000011     process.obj (.cinit)
                  0000970f    00000001     --HOLE-- [fill = 0]
                  00009710    0000000b     net_intf_transceive.obj (.cinit)
                  0000971b    00000001     --HOLE-- [fill = 0]
                  0000971c    00000008     rts430.lib : rand.obj (.cinit)
                  00009724    00000002     --HOLE-- [fill = 0]

.const     0    00009726    00000048     
                  00009726    00000034     CC1101.obj (.const:CC1101InitData)
                  0000975a    0000000a     main.obj (.const:.string)
                  00009764    0000000a     CC1101.obj (.const:Channel_Table)

.int03     0    0000ffe6    00000002     
                  0000ffe6    00000002     rf_receive.obj (.int03)

.int07     0    0000ffee    00000002     
                  0000ffee    00000002     net_intf_transceive.obj (.int07)

.int09     0    0000fff2    00000002     
                  0000fff2    00000002     timer_a.obj (.int09)

.reset     0    0000fffe    00000002     
                  0000fffe    00000002     rts430.lib : boot.obj (.reset)


GLOBAL SYMBOLS: SORTED ALPHABETICALLY BY Name 

address    name
--------   ----
00000200   .bss
00008000   .text
0000004a   ADC10AE0
0000004b   ADC10AE1
000001b0   ADC10CTL0
000001b2   ADC10CTL1
00000048   ADC10DTC0
00000049   ADC10DTC1
000001b4   ADC10MEM
000001bc   ADC10SA
00000057   BCSCTL1
00000058   BCSCTL2
00000053   BCSCTL3
000096a4   C$$EXIT
000010fb   CALBC1_12MHZ
000010f9   CALBC1_16MHZ
000010ff   CALBC1_1MHZ
000010fd   CALBC1_8MHZ
000010fa   CALDCO_12MHZ
000010f8   CALDCO_16MHZ
000010fe   CALDCO_1MHZ
000010fc   CALDCO_8MHZ
00009520   CC1101ClrRXBuff__F13WIRELESS_PART
00009538   CC1101ClrTXBuff__F13WIRELESS_PART
00009506   CC1101GetRXCnt__F13WIRELESS_PART
000088ce   CC1101Init__F13WIRELESS_PART
00008afc   CC1101ReadMultiReg__FUcPUcT113WIRELESS_PART
0000901e   CC1101ReadReg__FUc13WIRELESS_PART
00009064   CC1101ReadStatus__FUc13WIRELESS_PART
000085ec   CC1101RecPacket__FPUc13WIRELESS_PART
00008ef2   CC1101Reset__F13WIRELESS_PART
000082fe   CC1101SendPacket__FPUcUc12TX_DATA_MODE13WIRELESS_PART
000095aa   CC1101SetIdle__F13WIRELESS_PART
00009310   CC1101SetSYNC__FUi13WIRELESS_PART
00008e54   CC1101SetTRMode__F6TRMODE13WIRELESS_PART
000092de   CC1101WriteCmd__FUc13WIRELESS_PART
00008d40   CC1101WriteMultiReg__FUcPUcT113WIRELESS_PART
000091ba   CC1101WriteReg__FUcT113WIRELESS_PART
00000056   DCOCTL
000094cc   Delay_1ms__Fv
000091f8   Delay_nms__FUl
00000128   FCTL1
0000012a   FCTL2
0000012c   FCTL3
00000000   IE1
00000001   IE2
00000002   IFG1
00000003   IFG2
000093c6   I_LSL
000093ee   I_LSL_1
000093dc   I_LSL_10
000093da   I_LSL_11
000093d8   I_LSL_12
000093d6   I_LSL_13
000093d4   I_LSL_14
000093d2   I_LSL_15
000093ec   I_LSL_2
000093ea   I_LSL_3
000093e8   I_LSL_4
000093e6   I_LSL_5
000093e4   I_LSL_6
000093e2   I_LSL_7
000093e0   I_LSL_8
000093de   I_LSL_9
00008f8a   I_LSR
00008fd0   I_LSR_1
00008fac   I_LSR_10
00008fa8   I_LSR_11
00008fa4   I_LSR_12
00008fa0   I_LSR_13
00008f9c   I_LSR_14
00008f98   I_LSR_15
00008fcc   I_LSR_2
00008fc8   I_LSR_3
00008fc4   I_LSR_4
00008fc0   I_LSR_5
00008fbc   I_LSR_6
00008fb8   I_LSR_7
00008fb4   I_LSR_8
00008fb0   I_LSR_9
00000022   P1DIR
00000025   P1IE
00000024   P1IES
00000023   P1IFG
00000020   P1IN
00000021   P1OUT
00000027   P1REN
00000026   P1SEL
0000002a   P2DIR
0000002d   P2IE
0000002c   P2IES
0000002b   P2IFG
00000028   P2IN
00000029   P2OUT
0000002f   P2REN
0000002e   P2SEL
0000001a   P3DIR
00000018   P3IN
00000019   P3OUT
00000010   P3REN
0000001b   P3SEL
0000001e   P4DIR
0000001c   P4IN
0000001d   P4OUT
00000011   P4REN
0000001f   P4SEL
00008bf8   PORT2_ISR__Fv
0000039a   PaTabel
00009234   ReadFlash__FUiPUcUc
0000878e   RfTransmitPacket__FPUcUc
00008da4   SPI_ExchangeByte__FUc
00008b7c   Schd_After_Int__FUlPFv_v
000086e2   Schd_Run__FUl
00000172   TACCR0
00000174   TACCR1
00000176   TACCR2
00000162   TACCTL0
00000164   TACCTL1
00000166   TACCTL2
00000160   TACTL
0000012e   TAIV
00000170   TAR
00000192   TBCCR0
00000194   TBCCR1
00000196   TBCCR2
00000182   TBCCTL0
00000184   TBCCTL1
00000186   TBCCTL2
00000180   TBCTL
0000011e   TBIV
00000190   TBR
000090f0   Timer_A__Fv
0000005d   UCA0ABCTL
00000062   UCA0BR0
00000063   UCA0BR1
00000060   UCA0CTL0
00000061   UCA0CTL1
0000005f   UCA0IRRCTL
0000005e   UCA0IRTCTL
00000064   UCA0MCTL
00000066   UCA0RXBUF
00000065   UCA0STAT
00000067   UCA0TXBUF
0000006a   UCB0BR0
0000006b   UCB0BR1
00000068   UCB0CTL0
00000069   UCB0CTL1
0000006c   UCB0I2CIE
00000118   UCB0I2COA
0000011a   UCB0I2CSA
0000006e   UCB0RXBUF
0000006d   UCB0STAT
0000006f   UCB0TXBUF
00009418   USCI0RX_ISR__Fv
00008c6a   UartTransmitPacket__FPUcUc
00000120   WDTCTL
000089ec   WriteFlash__FUiPUcUc
00000223   ZJ_Ch
0000939a   _2index__FUc
000003b0   _485_send_ack
000003ae   _485_send_lock
000003af   _485_send_retry_times
0000966a   _485_setting_enable__Fv
00000600   __STACK_END
00000064   __STACK_SIZE
00000001   __TI_args_main
00000001   __TI_auto_init
00000001   __TI_exit
ffffffff   __binit__
00000200   __bss__
ffffffff   __c_args__
000096aa   __cinit__
00009594   __divu
000003b1   __end__
000096aa   __etext__
000095fa   __mpyi
00009464   __mpyl
ffffffff   __pinit__
00009594   __remu
00008000   __text__
000090aa   _auto_init
0000943e   _c_int00
0000943e   _c_int00_noexit
000003a6   _cleanup_ptr
000003a8   _dtors_ptr
00009650   _local_tickime__Fv
00000378   _local_time_tick
000003a2   _lock
000096a8   _nop
0000fffe   _reset_vector
0000037c   _schd_items
00000394   _schd_last_microsecond
0000059c   _stack
000096a0   _system_pre_init
000003a4   _unlock
000096a4   abort
00000200   bRfRcv
00000201   bRfSend
ffffffff   binit
00008ea4   cc1101_set_channel__FUc13WIRELESS_PART
000096aa   cinit
000002bc   data_buf_from_rx
00000226   data_buf_to_tx
00009568   debug_print__FPUcUc
00000224   dev_id
00008960   enArray__FPUcUcP5_node
000003b1   end
000096aa   etext
0000965a   feed_watchdog__Fv
0000963e   func_epilog_1
0000963c   func_epilog_2
0000963a   func_epilog_3
00009638   func_epilog_4
00009636   func_epilog_5
00009634   func_epilog_6
00009632   func_epilog_7
00008f3e   init_485_data_buf__FP5_node
0000957e   init_cc1101__Fv
000094ea   init_drivers__Fv
00009340   led_flash__Fv
000084f4   main
00009620   memcpy
000094ac   memmove
000095e6   memset
0000926e   move_data_buf__FP5_node
ffffffff   pinit
00008000   process_data_from_host__Fv
000081c8   process_data_from_node__FPUcUc
000083fa   process_usart_rx_data__FUc
00009134   queue_isEmpty__FP5_node
000092a6   rand
00008dfe   read_para_from_flash__Fv
0000948a   send_data_to485__Fv
00008a74   send_freq_request_ack__Fv
00009550   srand
00008cda   timeout__FUlT1
00008830   transfer_data_to485___Fv
00000399   tx_done
00000398   tx_enable
00000356   usart_rx_buf
00000376   usart_rx_index
00000202   wireless_rxbuf
00000222   wireless_rxlen


GLOBAL SYMBOLS: SORTED BY Symbol Address 

address    name
--------   ----
00000000   IE1
00000001   IE2
00000001   __TI_args_main
00000001   __TI_auto_init
00000001   __TI_exit
00000002   IFG1
00000003   IFG2
00000010   P3REN
00000011   P4REN
00000018   P3IN
00000019   P3OUT
0000001a   P3DIR
0000001b   P3SEL
0000001c   P4IN
0000001d   P4OUT
0000001e   P4DIR
0000001f   P4SEL
00000020   P1IN
00000021   P1OUT
00000022   P1DIR
00000023   P1IFG
00000024   P1IES
00000025   P1IE
00000026   P1SEL
00000027   P1REN
00000028   P2IN
00000029   P2OUT
0000002a   P2DIR
0000002b   P2IFG
0000002c   P2IES
0000002d   P2IE
0000002e   P2SEL
0000002f   P2REN
00000048   ADC10DTC0
00000049   ADC10DTC1
0000004a   ADC10AE0
0000004b   ADC10AE1
00000053   BCSCTL3
00000056   DCOCTL
00000057   BCSCTL1
00000058   BCSCTL2
0000005d   UCA0ABCTL
0000005e   UCA0IRTCTL
0000005f   UCA0IRRCTL
00000060   UCA0CTL0
00000061   UCA0CTL1
00000062   UCA0BR0
00000063   UCA0BR1
00000064   UCA0MCTL
00000064   __STACK_SIZE
00000065   UCA0STAT
00000066   UCA0RXBUF
00000067   UCA0TXBUF
00000068   UCB0CTL0
00000069   UCB0CTL1
0000006a   UCB0BR0
0000006b   UCB0BR1
0000006c   UCB0I2CIE
0000006d   UCB0STAT
0000006e   UCB0RXBUF
0000006f   UCB0TXBUF
00000118   UCB0I2COA
0000011a   UCB0I2CSA
0000011e   TBIV
00000120   WDTCTL
00000128   FCTL1
0000012a   FCTL2
0000012c   FCTL3
0000012e   TAIV
00000160   TACTL
00000162   TACCTL0
00000164   TACCTL1
00000166   TACCTL2
00000170   TAR
00000172   TACCR0
00000174   TACCR1
00000176   TACCR2
00000180   TBCTL
00000182   TBCCTL0
00000184   TBCCTL1
00000186   TBCCTL2
00000190   TBR
00000192   TBCCR0
00000194   TBCCR1
00000196   TBCCR2
000001b0   ADC10CTL0
000001b2   ADC10CTL1
000001b4   ADC10MEM
000001bc   ADC10SA
00000200   .bss
00000200   __bss__
00000200   bRfRcv
00000201   bRfSend
00000202   wireless_rxbuf
00000222   wireless_rxlen
00000223   ZJ_Ch
00000224   dev_id
00000226   data_buf_to_tx
000002bc   data_buf_from_rx
00000356   usart_rx_buf
00000376   usart_rx_index
00000378   _local_time_tick
0000037c   _schd_items
00000394   _schd_last_microsecond
00000398   tx_enable
00000399   tx_done
0000039a   PaTabel
000003a2   _lock
000003a4   _unlock
000003a6   _cleanup_ptr
000003a8   _dtors_ptr
000003ae   _485_send_lock
000003af   _485_send_retry_times
000003b0   _485_send_ack
000003b1   __end__
000003b1   end
0000059c   _stack
00000600   __STACK_END
000010f8   CALDCO_16MHZ
000010f9   CALBC1_16MHZ
000010fa   CALDCO_12MHZ
000010fb   CALBC1_12MHZ
000010fc   CALDCO_8MHZ
000010fd   CALBC1_8MHZ
000010fe   CALDCO_1MHZ
000010ff   CALBC1_1MHZ
00008000   .text
00008000   __text__
00008000   process_data_from_host__Fv
000081c8   process_data_from_node__FPUcUc
000082fe   CC1101SendPacket__FPUcUc12TX_DATA_MODE13WIRELESS_PART
000083fa   process_usart_rx_data__FUc
000084f4   main
000085ec   CC1101RecPacket__FPUc13WIRELESS_PART
000086e2   Schd_Run__FUl
0000878e   RfTransmitPacket__FPUcUc
00008830   transfer_data_to485___Fv
000088ce   CC1101Init__F13WIRELESS_PART
00008960   enArray__FPUcUcP5_node
000089ec   WriteFlash__FUiPUcUc
00008a74   send_freq_request_ack__Fv
00008afc   CC1101ReadMultiReg__FUcPUcT113WIRELESS_PART
00008b7c   Schd_After_Int__FUlPFv_v
00008bf8   PORT2_ISR__Fv
00008c6a   UartTransmitPacket__FPUcUc
00008cda   timeout__FUlT1
00008d40   CC1101WriteMultiReg__FUcPUcT113WIRELESS_PART
00008da4   SPI_ExchangeByte__FUc
00008dfe   read_para_from_flash__Fv
00008e54   CC1101SetTRMode__F6TRMODE13WIRELESS_PART
00008ea4   cc1101_set_channel__FUc13WIRELESS_PART
00008ef2   CC1101Reset__F13WIRELESS_PART
00008f3e   init_485_data_buf__FP5_node
00008f8a   I_LSR
00008f98   I_LSR_15
00008f9c   I_LSR_14
00008fa0   I_LSR_13
00008fa4   I_LSR_12
00008fa8   I_LSR_11
00008fac   I_LSR_10
00008fb0   I_LSR_9
00008fb4   I_LSR_8
00008fb8   I_LSR_7
00008fbc   I_LSR_6
00008fc0   I_LSR_5
00008fc4   I_LSR_4
00008fc8   I_LSR_3
00008fcc   I_LSR_2
00008fd0   I_LSR_1
0000901e   CC1101ReadReg__FUc13WIRELESS_PART
00009064   CC1101ReadStatus__FUc13WIRELESS_PART
000090aa   _auto_init
000090f0   Timer_A__Fv
00009134   queue_isEmpty__FP5_node
000091ba   CC1101WriteReg__FUcT113WIRELESS_PART
000091f8   Delay_nms__FUl
00009234   ReadFlash__FUiPUcUc
0000926e   move_data_buf__FP5_node
000092a6   rand
000092de   CC1101WriteCmd__FUc13WIRELESS_PART
00009310   CC1101SetSYNC__FUi13WIRELESS_PART
00009340   led_flash__Fv
0000939a   _2index__FUc
000093c6   I_LSL
000093d2   I_LSL_15
000093d4   I_LSL_14
000093d6   I_LSL_13
000093d8   I_LSL_12
000093da   I_LSL_11
000093dc   I_LSL_10
000093de   I_LSL_9
000093e0   I_LSL_8
000093e2   I_LSL_7
000093e4   I_LSL_6
000093e6   I_LSL_5
000093e8   I_LSL_4
000093ea   I_LSL_3
000093ec   I_LSL_2
000093ee   I_LSL_1
00009418   USCI0RX_ISR__Fv
0000943e   _c_int00
0000943e   _c_int00_noexit
00009464   __mpyl
0000948a   send_data_to485__Fv
000094ac   memmove
000094cc   Delay_1ms__Fv
000094ea   init_drivers__Fv
00009506   CC1101GetRXCnt__F13WIRELESS_PART
00009520   CC1101ClrRXBuff__F13WIRELESS_PART
00009538   CC1101ClrTXBuff__F13WIRELESS_PART
00009550   srand
00009568   debug_print__FPUcUc
0000957e   init_cc1101__Fv
00009594   __divu
00009594   __remu
000095aa   CC1101SetIdle__F13WIRELESS_PART
000095e6   memset
000095fa   __mpyi
00009620   memcpy
00009632   func_epilog_7
00009634   func_epilog_6
00009636   func_epilog_5
00009638   func_epilog_4
0000963a   func_epilog_3
0000963c   func_epilog_2
0000963e   func_epilog_1
00009650   _local_tickime__Fv
0000965a   feed_watchdog__Fv
0000966a   _485_setting_enable__Fv
000096a0   _system_pre_init
000096a4   C$$EXIT
000096a4   abort
000096a8   _nop
000096aa   __cinit__
000096aa   __etext__
000096aa   cinit
000096aa   etext
0000fffe   _reset_vector
ffffffff   __binit__
ffffffff   __c_args__
ffffffff   __pinit__
ffffffff   binit
ffffffff   pinit

[243 symbols]
