******************************************************************************
                  MSP430 Linker PC v3.3.1                      
******************************************************************************
>> Linked Mon Sep 18 16:00:24 2017

OUTPUT FILE NAME:   <Transceiver.out>
ENTRY POINT SYMBOL: "_c_int00"  address: 00008d06


MEMORY CONFIGURATION

         name            origin    length      used     unused   attr    fill
----------------------  --------  ---------  --------  --------  ----  --------
  SFR                   00000000   00000010  00000000  00000010  RWIX
  PERIPHERALS_8BIT      00000010   000000f0  00000000  000000f0  RWIX
  PERIPHERALS_16BIT     00000100   00000100  00000000  00000100  RWIX
  RAM                   00000200   00000400  0000020e  000001f2  RWIX
  INFOD                 00001000   00000040  00000000  00000040  RWIX
  INFOC                 00001040   00000040  00000000  00000040  RWIX
  INFOB                 00001080   00000040  00000000  00000040  RWIX
  INFOA                 000010c0   00000040  00000000  00000040  RWIX
  FLASH                 00008000   00007fde  00001032  00006fac  RWIX
  INT00                 0000ffe0   00000002  00000000  00000002  RWIX
  INT01                 0000ffe2   00000002  00000000  00000002  RWIX
  INT02                 0000ffe4   00000002  00000000  00000002  RWIX
  INT03                 0000ffe6   00000002  00000002  00000000  RWIX
  INT04                 0000ffe8   00000002  00000000  00000002  RWIX
  INT05                 0000ffea   00000002  00000000  00000002  RWIX
  INT06                 0000ffec   00000002  00000000  00000002  RWIX
  INT07                 0000ffee   00000002  00000002  00000000  RWIX
  INT08                 0000fff0   00000002  00000000  00000002  RWIX
  INT09                 0000fff2   00000002  00000002  00000000  RWIX
  INT10                 0000fff4   00000002  00000000  00000002  RWIX
  INT11                 0000fff6   00000002  00000000  00000002  RWIX
  INT12                 0000fff8   00000002  00000000  00000002  RWIX
  INT13                 0000fffa   00000002  00000000  00000002  RWIX
  INT14                 0000fffc   00000002  00000000  00000002  RWIX
  RESET                 0000fffe   00000002  00000002  00000000  RWIX


SECTION ALLOCATION MAP

 output                                  attributes/
section   page    origin      length       input sections
--------  ----  ----------  ----------   ----------------
.pinit     0    00008000    00000000     UNINITIALIZED

.bss       0    00000200    000001be     UNINITIALIZED
                  00000200    0000009e     timer_a.obj (.bss)
                  0000029e    0000008a     main.obj (.bss)
                  00000328    00000083     net_intf_transceive.obj (.bss)
                  000003ab    00000001     --HOLE--
                  000003ac    0000000a     CC1101.obj (.bss)
                  000003b6    00000004     rts430.lib : _lock.obj (.bss)
                  000003ba    00000004                : boot.obj (.bss)

.stack     0    000005b0    00000050     UNINITIALIZED
                  000005b0    00000002     rts430.lib : boot.obj (.stack)
                  000005b2    0000004e     --HOLE--

.text      0    00008000    00000f7e     
                  00008000    000000fc     process.obj (.text:process_data_from_node__FPUcUc)
                  000080fc    000000f8     net_intf_transceive.obj (.text:process_usart_rx_data__FUc)
                  000081f4    000000e0     process.obj (.text:process_data_from_host__FPUcUc)
                  000082d4    000000d0     CC1101.obj (.text:CC1101SendPacket__FPUcUc12TX_DATA_MODE)
                  000083a4    000000b4     timer_a.obj (.text:Schd_After__FUlPF13SchdParameter_v13SchdParameter)
                  00008458    000000a4     CC1101.obj (.text:CC1101RecPacket__FPUc)
                  000084fc    0000009c     process.obj (.text:RfTransmitPacket__FPUcUc)
                  00008598    0000009c     timer_a.obj (.text:Schd_Run__FUl)
                  00008634    0000008e     main.obj (.text:main)
                  000086c2    00000088     flash.obj (.text:WriteFlash__FUiPUcUc)
                  0000874a    00000082     CC1101.obj (.text:CC1101Init__Fv)
                  000087cc    00000076     process.obj (.text:UartTransmitPacket__FPUcUc)
                  00008842    00000068     process.obj (.text:send_freq_request_ack__Fv)
                  000088aa    00000060     CC1101.obj (.text:CC1101ReadMultiReg__FUcPUcT1)
                  0000890a    00000054     spi.obj (.text:SPI_ExchangeByte__FUc)
                  0000895e    00000048     CC1101.obj (.text:CC1101WriteMultiReg__FUcPUcT1)
                  000089a6    00000046     rts430.lib : autoinit.obj (.text:_auto_init)
                  000089ec    00000044     rf_receive.obj (.text:PORT2_ISR__Fv)
                  00008a30    00000042     main.obj (.text:read_para_from_flash__Fv)
                  00008a72    0000003c     CC1101.obj (.text:CC1101SetTRMode__F6TRMODE)
                  00008aae    0000003c     process.obj (.text:Delay_nms__FUl)
                  00008aea    0000003a     flash.obj (.text:ReadFlash__FUiPUcUc)
                  00008b24    00000036     timer_a.obj (.text:timeout__FUlT1)
                  00008b5a    00000032     CC1101.obj (.text:CC1101Reset__Fv)
                  00008b8c    00000032     timer_a.obj (.text:Schd_After_Int__FUlPF13SchdParameter_vi)
                  00008bbe    0000002e     main.obj (.text:led_flash__Fv)
                  00008bec    0000002c     main.obj (.text:InitLed__Fv)
                  00008c18    0000002c     timer_a.obj (.text:Timer_A__Fv)
                  00008c44    0000002a     CC1101.obj (.text:cc1101_set_channel__FUc)
                  00008c6e    00000026     CC1101.obj (.text:CC1101ReadReg__FUc)
                  00008c94    00000026     CC1101.obj (.text:CC1101ReadStatus__FUc)
                  00008cba    00000026     main.obj (.text:InitUCA0__Fv)
                  00008ce0    00000026     net_intf_transceive.obj (.text:USCI0RX_ISR__Fv)
                  00008d06    00000026     rts430.lib : boot.obj (.text:_c_int00_noexit)
                  00008d2c    00000026     main.obj (.text:init_drivers__Fv)
                  00008d52    00000024     CC1101.obj (.text:CC1101SetSYNC__FUi)
                  00008d76    00000022     CC1101.obj (.text:CC1101WriteReg__FUcT1)
                  00008d98    00000020     process.obj (.text:sch_uart_led_off__F13SchdParameter)
                  00008db8    00000020     process.obj (.text:sch_wireless_led_off__F13SchdParameter)
                  00008dd8    0000001e     process.obj (.text:Delay_1ms__Fv)
                  00008df6    0000001e     CC1101.obj (.text:init_cc1101_gpio__Fv)
                  00008e14    00000018     CC1101.obj (.text:init_cc1101__Fv)
                  00008e2c    00000016     CC1101.obj (.text:CC1101WriteCmd__FUc)
                  00008e42    00000016     process.obj (.text:uart_communication_indicate__Fv)
                  00008e58    00000016     process.obj (.text:wireless_communicator_indicate__Fv)
                  00008e6e    00000014     main.obj (.text:InitSysClk__Fv)
                  00008e82    00000014     main.obj (.text:InitTimerA__Fv)
                  00008e96    00000014     rf_receive.obj (.text:IsClr__FUc)
                  00008eaa    00000014     rts430.lib : memset.obj (.text:memset)
                  00008ebe    00000014                : mult16.obj (.text)
                  00008ed2    00000012     CC1101.obj (.text:init_spi__Fv)
                  00008ee4    00000012     rts430.lib : memcpy.obj (.text:memcpy)
                  00008ef6    00000010     CC1101.obj (.text:CC1101GetRXCnt__Fv)
                  00008f06    00000010     rts430.lib : epilog.obj (.text)
                  00008f16    0000000e     CC1101.obj (.text:CC1101ClrRXBuff__Fv)
                  00008f24    0000000e     CC1101.obj (.text:CC1101ClrTXBuff__Fv)
                  00008f32    0000000e     main.obj (.text:Init485__Fv)
                  00008f40    0000000a     CC1101.obj (.text:CC1101SetIdle__Fv)
                  00008f4a    0000000a     timer_a.obj (.text:_local_tickime__Fv)
                  00008f54    00000008     main.obj (.text:status_led_reverse__Fv)
                  00008f5c    00000006     process.obj (.text:uart_trx_led_off__Fv)
                  00008f62    00000006     process.obj (.text:uart_trx_led_on__Fv)
                  00008f68    00000006     process.obj (.text:wireless_trx_led_off__Fv)
                  00008f6e    00000006     process.obj (.text:wireless_trx_led_on__Fv)
                  00008f74    00000004     rts430.lib : pre_init.obj (.text:_system_pre_init)
                  00008f78    00000004                : exit.obj (.text:abort)
                  00008f7c    00000002                : _lock.obj (.text:_nop)

.cinit     0    00008f7e    00000076     
                  00008f7e    00000036     timer_a.obj (.cinit)
                  00008fb4    00000018     CC1101.obj (.cinit)
                  00008fcc    00000013     net_intf_transceive.obj (.cinit)
                  00008fdf    00000001     --HOLE-- [fill = 0]
                  00008fe0    00000011     main.obj (.cinit)
                  00008ff1    00000001     --HOLE-- [fill = 0]
                  00008ff2    00000002     (.pad.cinit) [fill = 0]

.const     0    00008ff4    0000003e     
                  00008ff4    00000034     CC1101.obj (.const:CC1101InitData)
                  00009028    0000000a     CC1101.obj (.const:Channel_Table)

.int03     0    0000ffe6    00000002     
                  0000ffe6    00000002     rf_receive.obj (.int03)

.int07     0    0000ffee    00000002     
                  0000ffee    00000002     net_intf_transceive.obj (.int07)

.int09     0    0000fff2    00000002     
                  0000fff2    00000002     timer_a.obj (.int09)

.reset     0    0000fffe    00000002     
                  0000fffe    00000002     rts430.lib : boot.obj (.reset)


GLOBAL SYMBOLS: SORTED ALPHABETICALLY BY Name 

address    name
--------   ----
00000200   .bss
00008000   .text
0000004a   ADC10AE0
0000004b   ADC10AE1
000001b0   ADC10CTL0
000001b2   ADC10CTL1
00000048   ADC10DTC0
00000049   ADC10DTC1
000001b4   ADC10MEM
000001bc   ADC10SA
00000057   BCSCTL1
00000058   BCSCTL2
00000053   BCSCTL3
00008f78   C$$EXIT
000010fb   CALBC1_12MHZ
000010f9   CALBC1_16MHZ
000010ff   CALBC1_1MHZ
000010fd   CALBC1_8MHZ
000010fa   CALDCO_12MHZ
000010f8   CALDCO_16MHZ
000010fe   CALDCO_1MHZ
000010fc   CALDCO_8MHZ
00008f16   CC1101ClrRXBuff__Fv
00008f24   CC1101ClrTXBuff__Fv
00008ef6   CC1101GetRXCnt__Fv
0000874a   CC1101Init__Fv
000088aa   CC1101ReadMultiReg__FUcPUcT1
00008c6e   CC1101ReadReg__FUc
00008c94   CC1101ReadStatus__FUc
00008458   CC1101RecPacket__FPUc
00008b5a   CC1101Reset__Fv
000082d4   CC1101SendPacket__FPUcUc12TX_DATA_MODE
00008f40   CC1101SetIdle__Fv
00008d52   CC1101SetSYNC__FUi
00008a72   CC1101SetTRMode__F6TRMODE
00008e2c   CC1101WriteCmd__FUc
0000895e   CC1101WriteMultiReg__FUcPUcT1
00008d76   CC1101WriteReg__FUcT1
00000056   DCOCTL
00008dd8   Delay_1ms__Fv
00008aae   Delay_nms__FUl
00000128   FCTL1
0000012a   FCTL2
0000012c   FCTL3
00000000   IE1
00000001   IE2
00000002   IFG1
00000003   IFG2
00000022   P1DIR
00000025   P1IE
00000024   P1IES
00000023   P1IFG
00000020   P1IN
00000021   P1OUT
00000027   P1REN
00000026   P1SEL
0000002a   P2DIR
0000002d   P2IE
0000002c   P2IES
0000002b   P2IFG
00000028   P2IN
00000029   P2OUT
0000002f   P2REN
0000002e   P2SEL
0000001a   P3DIR
00000018   P3IN
00000019   P3OUT
00000010   P3REN
0000001b   P3SEL
0000001e   P4DIR
0000001c   P4IN
0000001d   P4OUT
00000011   P4REN
0000001f   P4SEL
000089ec   PORT2_ISR__Fv
000003ae   PaTabel
00008aea   ReadFlash__FUiPUcUc
000084fc   RfTransmitPacket__FPUcUc
0000890a   SPI_ExchangeByte__FUc
00008b8c   Schd_After_Int__FUlPF13SchdParameter_vi
000083a4   Schd_After__FUlPF13SchdParameter_v13SchdParameter
00008598   Schd_Run__FUl
00000172   TACCR0
00000174   TACCR1
00000176   TACCR2
00000162   TACCTL0
00000164   TACCTL1
00000166   TACCTL2
00000160   TACTL
0000012e   TAIV
00000170   TAR
00000192   TBCCR0
00000194   TBCCR1
00000196   TBCCR2
00000182   TBCCTL0
00000184   TBCCTL1
00000186   TBCCTL2
00000180   TBCTL
0000011e   TBIV
00000190   TBR
00008c18   Timer_A__Fv
0000005d   UCA0ABCTL
00000062   UCA0BR0
00000063   UCA0BR1
00000060   UCA0CTL0
00000061   UCA0CTL1
0000005f   UCA0IRRCTL
0000005e   UCA0IRTCTL
00000064   UCA0MCTL
00000066   UCA0RXBUF
00000065   UCA0STAT
00000067   UCA0TXBUF
0000006a   UCB0BR0
0000006b   UCB0BR1
00000068   UCB0CTL0
00000069   UCB0CTL1
0000006c   UCB0I2CIE
00000118   UCB0I2COA
0000011a   UCB0I2CSA
0000006e   UCB0RXBUF
0000006d   UCB0STAT
0000006f   UCB0TXBUF
00008ce0   USCI0RX_ISR__Fv
000087cc   UartTransmitPacket__FPUcUc
00000120   WDTCTL
000086c2   WriteFlash__FUiPUcUc
0000029e   ZJ_freq_channel
00000600   __STACK_END
00000050   __STACK_SIZE
00000001   __TI_args_main
00000001   __TI_auto_init
00000001   __TI_exit
ffffffff   __binit__
00000200   __bss__
ffffffff   __c_args__
00008f7e   __cinit__
000003be   __end__
00008f7e   __etext__
00008ebe   __mpyi
ffffffff   __pinit__
00008000   __text__
000089a6   _auto_init
00008d06   _c_int00
00008d06   _c_int00_noexit
000003ba   _cleanup_ptr
000003bc   _dtors_ptr
00008f4a   _local_tickime__Fv
00000200   _local_time_tick
000003b6   _lock
00008f7c   _nop
0000fffe   _reset_vector
00000204   _schd_items
0000029c   _schd_last_microsecond
000005b0   _stack
00008f74   _system_pre_init
000003b8   _unlock
00008f78   abort
0000029f   bRfRcv
000002a0   bRfSend
ffffffff   binit
00008c44   cc1101_set_channel__FUc
00008f7e   cinit
000002a2   data_from_host
00000322   data_from_host_len
000003be   end
00008f7e   etext
00008f12   func_epilog_1
00008f10   func_epilog_2
00008f0e   func_epilog_3
00008f0c   func_epilog_4
00008f0a   func_epilog_5
00008f08   func_epilog_6
00008f06   func_epilog_7
00008e14   init_cc1101__Fv
00008d2c   init_drivers__Fv
00008bbe   led_flash__Fv
00008634   main
00008ee4   memcpy
00008eaa   memset
ffffffff   pinit
000081f4   process_data_from_host__FPUcUc
00008000   process_data_from_node__FPUcUc
000080fc   process_usart_rx_data__FUc
00008a30   read_para_from_flash__Fv
00008d98   sch_uart_led_off__F13SchdParameter
00008db8   sch_wireless_led_off__F13SchdParameter
00008842   send_freq_request_ack__Fv
00008b24   timeout__FUlT1
000003ad   tx_done
000003ac   tx_enable
00008e42   uart_communication_indicate__Fv
00000328   usart_rx_buf
000003a8   usart_rx_index
000003a9   usart_rx_success
00008e58   wireless_communicator_indicate__Fv


GLOBAL SYMBOLS: SORTED BY Symbol Address 

address    name
--------   ----
00000000   IE1
00000001   IE2
00000001   __TI_args_main
00000001   __TI_auto_init
00000001   __TI_exit
00000002   IFG1
00000003   IFG2
00000010   P3REN
00000011   P4REN
00000018   P3IN
00000019   P3OUT
0000001a   P3DIR
0000001b   P3SEL
0000001c   P4IN
0000001d   P4OUT
0000001e   P4DIR
0000001f   P4SEL
00000020   P1IN
00000021   P1OUT
00000022   P1DIR
00000023   P1IFG
00000024   P1IES
00000025   P1IE
00000026   P1SEL
00000027   P1REN
00000028   P2IN
00000029   P2OUT
0000002a   P2DIR
0000002b   P2IFG
0000002c   P2IES
0000002d   P2IE
0000002e   P2SEL
0000002f   P2REN
00000048   ADC10DTC0
00000049   ADC10DTC1
0000004a   ADC10AE0
0000004b   ADC10AE1
00000050   __STACK_SIZE
00000053   BCSCTL3
00000056   DCOCTL
00000057   BCSCTL1
00000058   BCSCTL2
0000005d   UCA0ABCTL
0000005e   UCA0IRTCTL
0000005f   UCA0IRRCTL
00000060   UCA0CTL0
00000061   UCA0CTL1
00000062   UCA0BR0
00000063   UCA0BR1
00000064   UCA0MCTL
00000065   UCA0STAT
00000066   UCA0RXBUF
00000067   UCA0TXBUF
00000068   UCB0CTL0
00000069   UCB0CTL1
0000006a   UCB0BR0
0000006b   UCB0BR1
0000006c   UCB0I2CIE
0000006d   UCB0STAT
0000006e   UCB0RXBUF
0000006f   UCB0TXBUF
00000118   UCB0I2COA
0000011a   UCB0I2CSA
0000011e   TBIV
00000120   WDTCTL
00000128   FCTL1
0000012a   FCTL2
0000012c   FCTL3
0000012e   TAIV
00000160   TACTL
00000162   TACCTL0
00000164   TACCTL1
00000166   TACCTL2
00000170   TAR
00000172   TACCR0
00000174   TACCR1
00000176   TACCR2
00000180   TBCTL
00000182   TBCCTL0
00000184   TBCCTL1
00000186   TBCCTL2
00000190   TBR
00000192   TBCCR0
00000194   TBCCR1
00000196   TBCCR2
000001b0   ADC10CTL0
000001b2   ADC10CTL1
000001b4   ADC10MEM
000001bc   ADC10SA
00000200   .bss
00000200   __bss__
00000200   _local_time_tick
00000204   _schd_items
0000029c   _schd_last_microsecond
0000029e   ZJ_freq_channel
0000029f   bRfRcv
000002a0   bRfSend
000002a2   data_from_host
00000322   data_from_host_len
00000328   usart_rx_buf
000003a8   usart_rx_index
000003a9   usart_rx_success
000003ac   tx_enable
000003ad   tx_done
000003ae   PaTabel
000003b6   _lock
000003b8   _unlock
000003ba   _cleanup_ptr
000003bc   _dtors_ptr
000003be   __end__
000003be   end
000005b0   _stack
00000600   __STACK_END
000010f8   CALDCO_16MHZ
000010f9   CALBC1_16MHZ
000010fa   CALDCO_12MHZ
000010fb   CALBC1_12MHZ
000010fc   CALDCO_8MHZ
000010fd   CALBC1_8MHZ
000010fe   CALDCO_1MHZ
000010ff   CALBC1_1MHZ
00008000   .text
00008000   __text__
00008000   process_data_from_node__FPUcUc
000080fc   process_usart_rx_data__FUc
000081f4   process_data_from_host__FPUcUc
000082d4   CC1101SendPacket__FPUcUc12TX_DATA_MODE
000083a4   Schd_After__FUlPF13SchdParameter_v13SchdParameter
00008458   CC1101RecPacket__FPUc
000084fc   RfTransmitPacket__FPUcUc
00008598   Schd_Run__FUl
00008634   main
000086c2   WriteFlash__FUiPUcUc
0000874a   CC1101Init__Fv
000087cc   UartTransmitPacket__FPUcUc
00008842   send_freq_request_ack__Fv
000088aa   CC1101ReadMultiReg__FUcPUcT1
0000890a   SPI_ExchangeByte__FUc
0000895e   CC1101WriteMultiReg__FUcPUcT1
000089a6   _auto_init
000089ec   PORT2_ISR__Fv
00008a30   read_para_from_flash__Fv
00008a72   CC1101SetTRMode__F6TRMODE
00008aae   Delay_nms__FUl
00008aea   ReadFlash__FUiPUcUc
00008b24   timeout__FUlT1
00008b5a   CC1101Reset__Fv
00008b8c   Schd_After_Int__FUlPF13SchdParameter_vi
00008bbe   led_flash__Fv
00008c18   Timer_A__Fv
00008c44   cc1101_set_channel__FUc
00008c6e   CC1101ReadReg__FUc
00008c94   CC1101ReadStatus__FUc
00008ce0   USCI0RX_ISR__Fv
00008d06   _c_int00
00008d06   _c_int00_noexit
00008d2c   init_drivers__Fv
00008d52   CC1101SetSYNC__FUi
00008d76   CC1101WriteReg__FUcT1
00008d98   sch_uart_led_off__F13SchdParameter
00008db8   sch_wireless_led_off__F13SchdParameter
00008dd8   Delay_1ms__Fv
00008e14   init_cc1101__Fv
00008e2c   CC1101WriteCmd__FUc
00008e42   uart_communication_indicate__Fv
00008e58   wireless_communicator_indicate__Fv
00008eaa   memset
00008ebe   __mpyi
00008ee4   memcpy
00008ef6   CC1101GetRXCnt__Fv
00008f06   func_epilog_7
00008f08   func_epilog_6
00008f0a   func_epilog_5
00008f0c   func_epilog_4
00008f0e   func_epilog_3
00008f10   func_epilog_2
00008f12   func_epilog_1
00008f16   CC1101ClrRXBuff__Fv
00008f24   CC1101ClrTXBuff__Fv
00008f40   CC1101SetIdle__Fv
00008f4a   _local_tickime__Fv
00008f74   _system_pre_init
00008f78   C$$EXIT
00008f78   abort
00008f7c   _nop
00008f7e   __cinit__
00008f7e   __etext__
00008f7e   cinit
00008f7e   etext
0000fffe   _reset_vector
ffffffff   __binit__
ffffffff   __c_args__
ffffffff   __pinit__
ffffffff   binit
ffffffff   pinit

[195 symbols]
